Apache Maven 3.9.12 (848fbb4bf2d427b72bdb2471c22fced7ebd9a7a1)
Maven home: D:\apache-maven-3.9.12-bin\apache-maven-3.9.12
Java version: 25.0.1, vendor: Eclipse Adoptium, runtime: D:\jdk-25.0.1.8-hotspot
Default locale: en_IN, platform encoding: UTF-8
OS name: "windows 11", version: "10.0", arch: "amd64", family: "windows"
[DEBUG] Created new class realm maven.api
[DEBUG] Importing foreign packages into class realm maven.api
[DEBUG]   Imported: javax.annotation.* < plexus.core
[DEBUG]   Imported: javax.annotation.security.* < plexus.core
[DEBUG]   Imported: javax.inject.* < plexus.core
[DEBUG]   Imported: org.apache.maven.* < plexus.core
[DEBUG]   Imported: org.apache.maven.artifact < plexus.core
[DEBUG]   Imported: org.apache.maven.classrealm < plexus.core
[DEBUG]   Imported: org.apache.maven.cli < plexus.core
[DEBUG]   Imported: org.apache.maven.configuration < plexus.core
[DEBUG]   Imported: org.apache.maven.exception < plexus.core
[DEBUG]   Imported: org.apache.maven.execution < plexus.core
[DEBUG]   Imported: org.apache.maven.execution.scope < plexus.core
[DEBUG]   Imported: org.apache.maven.graph < plexus.core
[DEBUG]   Imported: org.apache.maven.lifecycle < plexus.core
[DEBUG]   Imported: org.apache.maven.model < plexus.core
[DEBUG]   Imported: org.apache.maven.monitor < plexus.core
[DEBUG]   Imported: org.apache.maven.plugin < plexus.core
[DEBUG]   Imported: org.apache.maven.profiles < plexus.core
[DEBUG]   Imported: org.apache.maven.project < plexus.core
[DEBUG]   Imported: org.apache.maven.reporting < plexus.core
[DEBUG]   Imported: org.apache.maven.repository < plexus.core
[DEBUG]   Imported: org.apache.maven.rtinfo < plexus.core
[DEBUG]   Imported: org.apache.maven.settings < plexus.core
[DEBUG]   Imported: org.apache.maven.toolchain < plexus.core
[DEBUG]   Imported: org.apache.maven.usability < plexus.core
[DEBUG]   Imported: org.apache.maven.wagon.* < plexus.core
[DEBUG]   Imported: org.apache.maven.wagon.authentication < plexus.core
[DEBUG]   Imported: org.apache.maven.wagon.authorization < plexus.core
[DEBUG]   Imported: org.apache.maven.wagon.events < plexus.core
[DEBUG]   Imported: org.apache.maven.wagon.observers < plexus.core
[DEBUG]   Imported: org.apache.maven.wagon.proxy < plexus.core
[DEBUG]   Imported: org.apache.maven.wagon.repository < plexus.core
[DEBUG]   Imported: org.apache.maven.wagon.resource < plexus.core
[DEBUG]   Imported: org.codehaus.classworlds < plexus.core
[DEBUG]   Imported: org.codehaus.plexus.* < plexus.core
[DEBUG]   Imported: org.codehaus.plexus.classworlds < plexus.core
[DEBUG]   Imported: org.codehaus.plexus.component < plexus.core
[DEBUG]   Imported: org.codehaus.plexus.configuration < plexus.core
[DEBUG]   Imported: org.codehaus.plexus.container < plexus.core
[DEBUG]   Imported: org.codehaus.plexus.context < plexus.core
[DEBUG]   Imported: org.codehaus.plexus.lifecycle < plexus.core
[DEBUG]   Imported: org.codehaus.plexus.logging < plexus.core
[DEBUG]   Imported: org.codehaus.plexus.personality < plexus.core
[DEBUG]   Imported: org.codehaus.plexus.util.xml.Xpp3Dom < plexus.core
[DEBUG]   Imported: org.codehaus.plexus.util.xml.pull.XmlPullParser < plexus.core
[DEBUG]   Imported: org.codehaus.plexus.util.xml.pull.XmlPullParserException < plexus.core
[DEBUG]   Imported: org.codehaus.plexus.util.xml.pull.XmlSerializer < plexus.core
[DEBUG]   Imported: org.eclipse.aether.* < plexus.core
[DEBUG]   Imported: org.eclipse.aether.artifact < plexus.core
[DEBUG]   Imported: org.eclipse.aether.collection < plexus.core
[DEBUG]   Imported: org.eclipse.aether.deployment < plexus.core
[DEBUG]   Imported: org.eclipse.aether.graph < plexus.core
[DEBUG]   Imported: org.eclipse.aether.impl < plexus.core
[DEBUG]   Imported: org.eclipse.aether.installation < plexus.core
[DEBUG]   Imported: org.eclipse.aether.internal.impl < plexus.core
[DEBUG]   Imported: org.eclipse.aether.metadata < plexus.core
[DEBUG]   Imported: org.eclipse.aether.repository < plexus.core
[DEBUG]   Imported: org.eclipse.aether.resolution < plexus.core
[DEBUG]   Imported: org.eclipse.aether.spi < plexus.core
[DEBUG]   Imported: org.eclipse.aether.transfer < plexus.core
[DEBUG]   Imported: org.eclipse.aether.util < plexus.core
[DEBUG]   Imported: org.eclipse.aether.version < plexus.core
[DEBUG]   Imported: org.fusesource.jansi.* < plexus.core
[DEBUG]   Imported: org.slf4j.* < plexus.core
[DEBUG]   Imported: org.slf4j.event.* < plexus.core
[DEBUG]   Imported: org.slf4j.helpers.* < plexus.core
[DEBUG]   Imported: org.slf4j.spi.* < plexus.core
[DEBUG] Populating class realm maven.api
[DEBUG] Created adapter factory; available factories [file-lock, rwlock-local, semaphore-local, noop]; available name mappers [discriminating, file-gaecv, file-gav, file-hgaecv, file-hgav, file-static, gaecv, gav, static]
[INFO] Error stacktraces are turned on.
[DEBUG] Message scheme: color
[DEBUG] Message styles: debug info warning error success failure strong mojo project
[DEBUG] Reading global settings from D:\apache-maven-3.9.12-bin\apache-maven-3.9.12\conf\settings.xml
[DEBUG] Reading user settings from C:\Users\Mahesh\.m2\settings.xml
[DEBUG] Reading global toolchains from D:\apache-maven-3.9.12-bin\apache-maven-3.9.12\conf\toolchains.xml
[DEBUG] Reading user toolchains from C:\Users\Mahesh\.m2\toolchains.xml
[DEBUG] Using local repository at D:\apache-maven-3.9.12-bin\.m2\repo
[DEBUG] Using manager EnhancedLocalRepositoryManager with priority 10.0 for D:\apache-maven-3.9.12-bin\.m2\repo
[INFO] Scanning for projects...
[DEBUG] Creating adapter using nameMapper 'gaecv' and factory 'rwlock-local'
[DEBUG] Using mirror maven-default-http-blocker (http://0.0.0.0/) for repository.jboss.org (http://repository.jboss.org/maven2).
[DEBUG] Using mirror maven-default-http-blocker (http://0.0.0.0/) for snapshots.jboss.org (http://snapshots.jboss.org/maven2).
[DEBUG] Using mirror maven-default-http-blocker (http://0.0.0.0/) for oss.sonatype.org/jboss-snapshots (http://oss.sonatype.org/content/repositories/jboss-snapshots).
[DEBUG] Dependency collection stats {ConflictMarker.analyzeTime=391600, ConflictMarker.markTime=45100, ConflictMarker.nodeCount=20, ConflictIdSorter.graphTime=186800, ConflictIdSorter.topsortTime=171900, ConflictIdSorter.conflictIdCount=14, ConflictIdSorter.conflictIdCycleCount=0, ConflictResolver.totalTime=2866000, ConflictResolver.conflictItemCount=20, DfDependencyCollector.collectTime=104427600, DfDependencyCollector.transformTime=4983300}
[DEBUG] kr.motd.maven:os-maven-plugin:jar:1.7.0
[DEBUG]    org.apache.maven:maven-plugin-api:jar:3.5.3:compile
[DEBUG]       org.apache.maven:maven-model:jar:3.5.3:compile
[DEBUG]          org.apache.commons:commons-lang3:jar:3.5:compile
[DEBUG]       org.apache.maven:maven-artifact:jar:3.5.3:compile
[DEBUG]       org.eclipse.sisu:org.eclipse.sisu.plexus:jar:0.3.3:compile
[DEBUG]          javax.enterprise:cdi-api:jar:1.0:compile
[DEBUG]             javax.annotation:jsr250-api:jar:1.0:compile
[DEBUG]             javax.inject:javax.inject:jar:1:compile
[DEBUG]          org.eclipse.sisu:org.eclipse.sisu.inject:jar:0.3.3:compile
[DEBUG]          org.codehaus.plexus:plexus-component-annotations:jar:1.5.5:compile
[DEBUG]       org.codehaus.plexus:plexus-classworlds:jar:2.5.2:compile
[DEBUG]    org.codehaus.plexus:plexus-utils:jar:3.1.0:compile
[DEBUG]    com.google.code.findbugs:jsr305:jar:3.0.2:compile
[DEBUG] Created new class realm extension>kr.motd.maven:os-maven-plugin:1.7.0
[DEBUG] Importing foreign packages into class realm extension>kr.motd.maven:os-maven-plugin:1.7.0
[DEBUG]   Imported:  < maven.api
[DEBUG] Populating class realm extension>kr.motd.maven:os-maven-plugin:1.7.0
[DEBUG]   Included: kr.motd.maven:os-maven-plugin:jar:1.7.0
[DEBUG]   Included: org.apache.commons:commons-lang3:jar:3.5
[DEBUG]   Included: javax.enterprise:cdi-api:jar:1.0
[DEBUG]   Included: javax.annotation:jsr250-api:jar:1.0
[DEBUG]   Included: org.eclipse.sisu:org.eclipse.sisu.inject:jar:0.3.3
[DEBUG]   Included: org.codehaus.plexus:plexus-component-annotations:jar:1.5.5
[DEBUG]   Included: org.codehaus.plexus:plexus-utils:jar:3.1.0
[DEBUG]   Included: com.google.code.findbugs:jsr305:jar:3.0.2
[DEBUG] Extension realms for project com.trading.hf:hf-ats-parent:pom:1.0-SNAPSHOT: [ClassRealm[extension>kr.motd.maven:os-maven-plugin:1.7.0, parent: jdk.internal.loader.ClassLoaders$AppClassLoader@1affbebc]]
[DEBUG] Created new class realm project>com.trading.hf:hf-ats-parent:1.0-SNAPSHOT
[DEBUG] Populating class realm project>com.trading.hf:hf-ats-parent:1.0-SNAPSHOT
[DEBUG] Looking up lifecycle mappings for packaging pom from ClassRealm[project>com.trading.hf:hf-ats-parent:1.0-SNAPSHOT, parent: ClassRealm[maven.api, parent: null]]
[DEBUG] Extension realms for project com.trading.hf:ats-core:jar:1.0-SNAPSHOT: [ClassRealm[extension>kr.motd.maven:os-maven-plugin:1.7.0, parent: jdk.internal.loader.ClassLoaders$AppClassLoader@1affbebc]]
[DEBUG] Looking up lifecycle mappings for packaging jar from ClassRealm[project>com.trading.hf:hf-ats-parent:1.0-SNAPSHOT, parent: ClassRealm[maven.api, parent: null]]
[DEBUG] Extension realms for project com.trading.hf:ats-dashboard:jar:1.0-SNAPSHOT: [ClassRealm[extension>kr.motd.maven:os-maven-plugin:1.7.0, parent: jdk.internal.loader.ClassLoaders$AppClassLoader@1affbebc]]
[DEBUG] Looking up lifecycle mappings for packaging jar from ClassRealm[project>com.trading.hf:hf-ats-parent:1.0-SNAPSHOT, parent: ClassRealm[maven.api, parent: null]]
[INFO] ------------------------------------------------------------------------
[INFO] Detecting the operating system and CPU architecture
[INFO] ------------------------------------------------------------------------
[INFO] os.detected.name: windows
[INFO] os.detected.arch: x86_64
[INFO] os.detected.bitness: 64
[INFO] os.detected.version: 10.0
[INFO] os.detected.version.major: 10
[INFO] os.detected.version.minor: 0
[INFO] os.detected.classifier: windows-x86_64
[INFO] ------------------------------------------------------------------------
[INFO] Reactor Build Order:
[INFO] 
[INFO] HF-ATS-Parent                                                      [pom]
[INFO] ATS-Core                                                           [jar]
[DEBUG] === REACTOR BUILD PLAN ================================================
[DEBUG] Project: com.trading.hf:hf-ats-parent:pom:1.0-SNAPSHOT
[DEBUG] Tasks:   [clean, compile]
[DEBUG] Style:   Regular
[DEBUG] -----------------------------------------------------------------------
[DEBUG] Project: com.trading.hf:ats-core:jar:1.0-SNAPSHOT
[DEBUG] Tasks:   [clean, compile]
[DEBUG] Style:   Regular
[DEBUG] =======================================================================
[INFO] 
[INFO] --------------------< com.trading.hf:hf-ats-parent >--------------------
[INFO] Building HF-ATS-Parent 1.0-SNAPSHOT                                [1/2]
[INFO]   from pom.xml
[INFO] --------------------------------[ pom ]---------------------------------
[DEBUG] Lifecycle clean -> [pre-clean, clean, post-clean]
[DEBUG] Lifecycle default -> [validate, initialize, generate-sources, process-sources, generate-resources, process-resources, compile, process-classes, generate-test-sources, process-test-sources, generate-test-resources, process-test-resources, test-compile, process-test-classes, test, prepare-package, package, pre-integration-test, integration-test, post-integration-test, verify, install, deploy]
[DEBUG] Lifecycle site -> [pre-site, site, post-site, site-deploy]
[DEBUG] Lifecycle clean -> [pre-clean, clean, post-clean]
[DEBUG] Lifecycle default -> [validate, initialize, generate-sources, process-sources, generate-resources, process-resources, compile, process-classes, generate-test-sources, process-test-sources, generate-test-resources, process-test-resources, test-compile, process-test-classes, test, prepare-package, package, pre-integration-test, integration-test, post-integration-test, verify, install, deploy]
[DEBUG] Lifecycle site -> [pre-site, site, post-site, site-deploy]
[DEBUG] Lifecycle clean -> [pre-clean, clean, post-clean]
[DEBUG] Lifecycle default -> [validate, initialize, generate-sources, process-sources, generate-resources, process-resources, compile, process-classes, generate-test-sources, process-test-sources, generate-test-resources, process-test-resources, test-compile, process-test-classes, test, prepare-package, package, pre-integration-test, integration-test, post-integration-test, verify, install, deploy]
[DEBUG] Lifecycle site -> [pre-site, site, post-site, site-deploy]
[DEBUG] === PROJECT BUILD PLAN ================================================
[DEBUG] Project:       com.trading.hf:hf-ats-parent:1.0-SNAPSHOT
[DEBUG] Dependencies (collect): []
[DEBUG] Dependencies (resolve): []
[DEBUG] Repositories (dependencies): [central (https://repo.maven.apache.org/maven2, default, releases)]
[DEBUG] Repositories (plugins)     : [central (https://repo.maven.apache.org/maven2, default, releases)]
[DEBUG] -----------------------------------------------------------------------
[DEBUG] Goal:          org.apache.maven.plugins:maven-clean-plugin:3.2.0:clean (default-clean)
[DEBUG] Style:         Regular
[DEBUG] Configuration: <?xml version="1.0" encoding="UTF-8"?>
<configuration>
  <directory default-value="${project.build.directory}"/>
  <excludeDefaultDirectories default-value="false">${maven.clean.excludeDefaultDirectories}</excludeDefaultDirectories>
  <failOnError default-value="true">${maven.clean.failOnError}</failOnError>
  <fast default-value="false">${maven.clean.fast}</fast>
  <fastDir>${maven.clean.fastDir}</fastDir>
  <fastMode default-value="background">${maven.clean.fastMode}</fastMode>
  <followSymLinks default-value="false">${maven.clean.followSymLinks}</followSymLinks>
  <outputDirectory default-value="${project.build.outputDirectory}"/>
  <reportDirectory default-value="${project.build.outputDirectory}"/>
  <retryOnError default-value="true">${maven.clean.retryOnError}</retryOnError>
  <session default-value="${session}"/>
  <skip default-value="false">${maven.clean.skip}</skip>
  <testOutputDirectory default-value="${project.build.testOutputDirectory}"/>
  <verbose>${maven.clean.verbose}</verbose>
</configuration>
[DEBUG] =======================================================================
[INFO] 
[INFO] --- clean:3.2.0:clean (default-clean) @ hf-ats-parent ---
[DEBUG] Dependency collection stats {ConflictMarker.analyzeTime=16100, ConflictMarker.markTime=26000, ConflictMarker.nodeCount=3, ConflictIdSorter.graphTime=5600, ConflictIdSorter.topsortTime=9500, ConflictIdSorter.conflictIdCount=3, ConflictIdSorter.conflictIdCycleCount=0, ConflictResolver.totalTime=76500, ConflictResolver.conflictItemCount=3, DfDependencyCollector.collectTime=16802100, DfDependencyCollector.transformTime=147000}
[DEBUG] org.apache.maven.plugins:maven-clean-plugin:jar:3.2.0
[DEBUG]    org.apache.maven.shared:maven-shared-utils:jar:3.3.4:compile
[DEBUG]       commons-io:commons-io:jar:2.6:compile
[DEBUG] Created new class realm plugin>org.apache.maven.plugins:maven-clean-plugin:3.2.0
[DEBUG] Importing foreign packages into class realm plugin>org.apache.maven.plugins:maven-clean-plugin:3.2.0
[DEBUG]   Imported:  < project>com.trading.hf:hf-ats-parent:1.0-SNAPSHOT
[DEBUG] Populating class realm plugin>org.apache.maven.plugins:maven-clean-plugin:3.2.0
[DEBUG]   Included: org.apache.maven.plugins:maven-clean-plugin:jar:3.2.0
[DEBUG]   Included: org.apache.maven.shared:maven-shared-utils:jar:3.3.4
[DEBUG]   Included: commons-io:commons-io:jar:2.6
[DEBUG] Loading mojo org.apache.maven.plugins:maven-clean-plugin:3.2.0:clean from plugin realm ClassRealm[plugin>org.apache.maven.plugins:maven-clean-plugin:3.2.0, parent: jdk.internal.loader.ClassLoaders$AppClassLoader@1affbebc]
[DEBUG] Configuring mojo execution 'org.apache.maven.plugins:maven-clean-plugin:3.2.0:clean:default-clean' with basic configurator -->
[DEBUG]   (f) directory = D:\Java_CompleteProject\Java_CompleteSystem\target
[DEBUG]   (f) excludeDefaultDirectories = false
[DEBUG]   (f) failOnError = true
[DEBUG]   (f) fast = false
[DEBUG]   (f) fastMode = background
[DEBUG]   (f) followSymLinks = false
[DEBUG]   (f) outputDirectory = D:\Java_CompleteProject\Java_CompleteSystem\target\classes
[DEBUG]   (f) reportDirectory = D:\Java_CompleteProject\Java_CompleteSystem\target\classes
[DEBUG]   (f) retryOnError = true
[DEBUG]   (f) session = org.apache.maven.execution.MavenSession@4cfa8227
[DEBUG]   (f) skip = false
[DEBUG]   (f) testOutputDirectory = D:\Java_CompleteProject\Java_CompleteSystem\target\test-classes
[DEBUG] -- end configuration --
[DEBUG] Skipping non-existing directory D:\Java_CompleteProject\Java_CompleteSystem\target
[DEBUG] Skipping non-existing directory D:\Java_CompleteProject\Java_CompleteSystem\target\classes
[DEBUG] Skipping non-existing directory D:\Java_CompleteProject\Java_CompleteSystem\target\test-classes
[DEBUG] Skipping non-existing directory D:\Java_CompleteProject\Java_CompleteSystem\target\classes
[INFO] 
[INFO] ----------------------< com.trading.hf:ats-core >-----------------------
[INFO] Building ATS-Core 1.0-SNAPSHOT                                     [2/2]
[INFO]   from ats-core\pom.xml
[INFO] --------------------------------[ jar ]---------------------------------
[DEBUG] Lifecycle clean -> [pre-clean, clean, post-clean]
[DEBUG] Lifecycle default -> [validate, initialize, generate-sources, process-sources, generate-resources, process-resources, compile, process-classes, generate-test-sources, process-test-sources, generate-test-resources, process-test-resources, test-compile, process-test-classes, test, prepare-package, package, pre-integration-test, integration-test, post-integration-test, verify, install, deploy]
[DEBUG] Lifecycle site -> [pre-site, site, post-site, site-deploy]
[DEBUG] Lifecycle clean -> [pre-clean, clean, post-clean]
[DEBUG] Lifecycle default -> [validate, initialize, generate-sources, process-sources, generate-resources, process-resources, compile, process-classes, generate-test-sources, process-test-sources, generate-test-resources, process-test-resources, test-compile, process-test-classes, test, prepare-package, package, pre-integration-test, integration-test, post-integration-test, verify, install, deploy]
[DEBUG] Lifecycle site -> [pre-site, site, post-site, site-deploy]
[DEBUG] Lifecycle clean -> [pre-clean, clean, post-clean]
[DEBUG] Lifecycle default -> [validate, initialize, generate-sources, process-sources, generate-resources, process-resources, compile, process-classes, generate-test-sources, process-test-sources, generate-test-resources, process-test-resources, test-compile, process-test-classes, test, prepare-package, package, pre-integration-test, integration-test, post-integration-test, verify, install, deploy]
[DEBUG] Lifecycle site -> [pre-site, site, post-site, site-deploy]
[DEBUG] Lifecycle clean -> [pre-clean, clean, post-clean]
[DEBUG] Lifecycle default -> [validate, initialize, generate-sources, process-sources, generate-resources, process-resources, compile, process-classes, generate-test-sources, process-test-sources, generate-test-resources, process-test-resources, test-compile, process-test-classes, test, prepare-package, package, pre-integration-test, integration-test, post-integration-test, verify, install, deploy]
[DEBUG] Lifecycle site -> [pre-site, site, post-site, site-deploy]
[DEBUG] Lifecycle clean -> [pre-clean, clean, post-clean]
[DEBUG] Lifecycle default -> [validate, initialize, generate-sources, process-sources, generate-resources, process-resources, compile, process-classes, generate-test-sources, process-test-sources, generate-test-resources, process-test-resources, test-compile, process-test-classes, test, prepare-package, package, pre-integration-test, integration-test, post-integration-test, verify, install, deploy]
[DEBUG] Lifecycle site -> [pre-site, site, post-site, site-deploy]
[DEBUG] Lifecycle clean -> [pre-clean, clean, post-clean]
[DEBUG] Lifecycle default -> [validate, initialize, generate-sources, process-sources, generate-resources, process-resources, compile, process-classes, generate-test-sources, process-test-sources, generate-test-resources, process-test-resources, test-compile, process-test-classes, test, prepare-package, package, pre-integration-test, integration-test, post-integration-test, verify, install, deploy]
[DEBUG] Lifecycle site -> [pre-site, site, post-site, site-deploy]
[DEBUG] === PROJECT BUILD PLAN ================================================
[DEBUG] Project:       com.trading.hf:ats-core:1.0-SNAPSHOT
[DEBUG] Dependencies (collect): []
[DEBUG] Dependencies (resolve): [compile]
[DEBUG] Repositories (dependencies): [central (https://repo.maven.apache.org/maven2, default, releases)]
[DEBUG] Repositories (plugins)     : [central (https://repo.maven.apache.org/maven2, default, releases)]
[DEBUG] -----------------------------------------------------------------------
[DEBUG] Goal:          org.apache.maven.plugins:maven-clean-plugin:3.2.0:clean (default-clean)
[DEBUG] Style:         Regular
[DEBUG] Configuration: <?xml version="1.0" encoding="UTF-8"?>
<configuration>
  <directory default-value="${project.build.directory}"/>
  <excludeDefaultDirectories default-value="false">${maven.clean.excludeDefaultDirectories}</excludeDefaultDirectories>
  <failOnError default-value="true">${maven.clean.failOnError}</failOnError>
  <fast default-value="false">${maven.clean.fast}</fast>
  <fastDir>${maven.clean.fastDir}</fastDir>
  <fastMode default-value="background">${maven.clean.fastMode}</fastMode>
  <followSymLinks default-value="false">${maven.clean.followSymLinks}</followSymLinks>
  <outputDirectory default-value="${project.build.outputDirectory}"/>
  <reportDirectory default-value="${project.build.outputDirectory}"/>
  <retryOnError default-value="true">${maven.clean.retryOnError}</retryOnError>
  <session default-value="${session}"/>
  <skip default-value="false">${maven.clean.skip}</skip>
  <testOutputDirectory default-value="${project.build.testOutputDirectory}"/>
  <verbose>${maven.clean.verbose}</verbose>
</configuration>
[DEBUG] -----------------------------------------------------------------------
[DEBUG] Goal:          org.xolstice.maven.plugins:protobuf-maven-plugin:0.6.1:compile (default)
[DEBUG] Style:         Regular
[DEBUG] Configuration: <?xml version="1.0" encoding="UTF-8"?>
<configuration>
  <attachDescriptorSet default-value="false"/>
  <attachProtoSources default-value="true"/>
  <checkStaleness default-value="false"/>
  <clearOutputDirectory default-value="true"/>
  <descriptorSetFileName default-value="${project.build.finalName}.protobin"/>
  <descriptorSetOutputDirectory default-value="${project.build.directory}/generated-resources/protobuf/descriptor-sets"/>
  <forceMojoExecution default-value="false">${protoc.force}</forceMojoExecution>
  <hashDependentPaths default-value="true"/>
  <includeDependenciesInDescriptorSet default-value="false"/>
  <includeSourceInfoInDescriptorSet default-value="false"/>
  <localRepository>${localRepository}</localRepository>
  <outputDirectory default-value="${project.build.directory}/generated-sources/protobuf/java">${javaOutputDirectory}</outputDirectory>
  <project default-value="${project}"/>
  <protoSourceRoot default-value="${basedir}/src/main/proto"/>
  <protocArtifact>com.google.protobuf:protoc:3.25.3:exe:${os.detected.classifier}</protocArtifact>
  <protocExecutable>${protocExecutable}</protocExecutable>
  <protocPluginDirectory default-value="${project.build.directory}/protoc-plugins"/>
  <remoteRepositories default-value="${project.remoteArtifactRepositories}"/>
  <session default-value="${session}"/>
  <skip default-value="false">${protoc.skip}</skip>
  <staleMillis default-value="0"/>
  <tempDirectory default-value="${project.build.directory}"/>
  <temporaryProtoFileDirectory default-value="${project.build.directory}/protoc-dependencies"/>
  <useArgumentFile default-value="false"/>
  <writeDescriptorSet default-value="false"/>
</configuration>
[DEBUG] -----------------------------------------------------------------------
[DEBUG] Goal:          org.xolstice.maven.plugins:protobuf-maven-plugin:0.6.1:compile-custom (default)
[DEBUG] Style:         Regular
[DEBUG] Configuration: <?xml version="1.0" encoding="UTF-8"?>
<configuration>
  <attachDescriptorSet default-value="false"/>
  <attachProtoSources default-value="true"/>
  <checkStaleness default-value="false"/>
  <clearOutputDirectory default-value="true"/>
  <descriptorSetFileName default-value="${project.build.finalName}.protobin"/>
  <descriptorSetOutputDirectory default-value="${project.build.directory}/generated-resources/protobuf/descriptor-sets"/>
  <forceMojoExecution default-value="false">${protoc.force}</forceMojoExecution>
  <hashDependentPaths default-value="true"/>
  <includeDependenciesInDescriptorSet default-value="false"/>
  <includeSourceInfoInDescriptorSet default-value="false"/>
  <localRepository>${localRepository}</localRepository>
  <outputBaseDirectory default-value="${project.build.directory}/generated-sources/protobuf"/>
  <outputDirectory>${protocPluginOutputDirectory}</outputDirectory>
  <pluginArtifact>io.grpc:protoc-gen-grpc-java:1.60.0:exe:${os.detected.classifier}</pluginArtifact>
  <pluginExecutable>${protocPluginExecutable}</pluginExecutable>
  <pluginId>grpc-java</pluginId>
  <pluginParameter>${protocPluginParameter}</pluginParameter>
  <pluginTool>${protocPluginTool}</pluginTool>
  <pluginToolchain>${protocPluginToolchain}</pluginToolchain>
  <project default-value="${project}"/>
  <protoSourceRoot default-value="${basedir}/src/main/proto"/>
  <protocArtifact>com.google.protobuf:protoc:3.25.3:exe:${os.detected.classifier}</protocArtifact>
  <protocExecutable>${protocExecutable}</protocExecutable>
  <protocPluginDirectory default-value="${project.build.directory}/protoc-plugins"/>
  <remoteRepositories default-value="${project.remoteArtifactRepositories}"/>
  <session default-value="${session}"/>
  <skip default-value="false">${protoc.skip}</skip>
  <staleMillis default-value="0"/>
  <tempDirectory default-value="${project.build.directory}"/>
  <temporaryProtoFileDirectory default-value="${project.build.directory}/protoc-dependencies"/>
  <useArgumentFile default-value="false"/>
  <writeDescriptorSet default-value="false"/>
</configuration>
[DEBUG] -----------------------------------------------------------------------
[DEBUG] Goal:          org.apache.maven.plugins:maven-resources-plugin:3.3.1:resources (default-resources)
[DEBUG] Style:         Regular
[DEBUG] Configuration: <?xml version="1.0" encoding="UTF-8"?>
<configuration>
  <addDefaultExcludes default-value="true"/>
  <buildFilters default-value="${project.build.filters}"/>
  <encoding default-value="${project.build.sourceEncoding}"/>
  <escapeWindowsPaths default-value="true"/>
  <fileNameFiltering default-value="false"/>
  <includeEmptyDirs default-value="false"/>
  <outputDirectory default-value="${project.build.outputDirectory}"/>
  <overwrite default-value="false"/>
  <project default-value="${project}"/>
  <resources default-value="${project.resources}"/>
  <session default-value="${session}"/>
  <skip default-value="false">${maven.resources.skip}</skip>
  <supportMultiLineFiltering default-value="false"/>
  <useBuildFilters default-value="true"/>
  <useDefaultDelimiters default-value="true"/>
</configuration>
[DEBUG] -----------------------------------------------------------------------
[DEBUG] Goal:          org.apache.maven.plugins:maven-compiler-plugin:3.11.0:compile (default-compile)
[DEBUG] Style:         Regular
[DEBUG] Configuration: <?xml version="1.0" encoding="UTF-8"?>
<configuration>
  <basedir default-value="${basedir}"/>
  <buildDirectory default-value="${project.build.directory}"/>
  <compilePath default-value="${project.compileClasspathElements}"/>
  <compileSourceRoots default-value="${project.compileSourceRoots}"/>
  <compilerId default-value="javac">${maven.compiler.compilerId}</compilerId>
  <compilerReuseStrategy default-value="${reuseCreated}">${maven.compiler.compilerReuseStrategy}</compilerReuseStrategy>
  <compilerVersion>${maven.compiler.compilerVersion}</compilerVersion>
  <createMissingPackageInfoClass default-value="true">${maven.compiler.createMissingPackageInfoClass}</createMissingPackageInfoClass>
  <debug default-value="true">${maven.compiler.debug}</debug>
  <debugFileName default-value="javac"/>
  <debuglevel>${maven.compiler.debuglevel}</debuglevel>
  <enablePreview default-value="false">${maven.compiler.enablePreview}</enablePreview>
  <encoding default-value="${project.build.sourceEncoding}">${encoding}</encoding>
  <executable>${maven.compiler.executable}</executable>
  <failOnError default-value="true">${maven.compiler.failOnError}</failOnError>
  <failOnWarning default-value="false">${maven.compiler.failOnWarning}</failOnWarning>
  <forceJavacCompilerUse default-value="false">${maven.compiler.forceJavacCompilerUse}</forceJavacCompilerUse>
  <fork default-value="false">${maven.compiler.fork}</fork>
  <generatedSourcesDirectory default-value="${project.build.directory}/generated-sources/annotations"/>
  <implicit>${maven.compiler.implicit}</implicit>
  <maxmem>${maven.compiler.maxmem}</maxmem>
  <meminitial>${maven.compiler.meminitial}</meminitial>
  <mojoExecution default-value="${mojoExecution}"/>
  <optimize default-value="false">${maven.compiler.optimize}</optimize>
  <outputDirectory default-value="${project.build.outputDirectory}"/>
  <parameters default-value="false">${maven.compiler.parameters}</parameters>
  <project default-value="${project}"/>
  <projectArtifact default-value="${project.artifact}"/>
  <release>${maven.compiler.release}</release>
  <session default-value="${session}"/>
  <showCompilationChanges default-value="false">${maven.compiler.showCompilationChanges}</showCompilationChanges>
  <showDeprecation default-value="false">${maven.compiler.showDeprecation}</showDeprecation>
  <showWarnings default-value="true">${maven.compiler.showWarnings}</showWarnings>
  <skipMain>${maven.main.skip}</skipMain>
  <skipMultiThreadWarning default-value="false">${maven.compiler.skipMultiThreadWarning}</skipMultiThreadWarning>
  <source default-value="1.8">21</source>
  <staleMillis default-value="0">${lastModGranularityMs}</staleMillis>
  <target default-value="1.8">21</target>
  <useIncrementalCompilation default-value="true">${maven.compiler.useIncrementalCompilation}</useIncrementalCompilation>
  <verbose default-value="false">${maven.compiler.verbose}</verbose>
</configuration>
[DEBUG] =======================================================================
[DEBUG] Dependency collection stats {ConflictMarker.analyzeTime=73000, ConflictMarker.markTime=48100, ConflictMarker.nodeCount=40, ConflictIdSorter.graphTime=27100, ConflictIdSorter.topsortTime=13600, ConflictIdSorter.conflictIdCount=26, ConflictIdSorter.conflictIdCycleCount=0, ConflictResolver.totalTime=1003300, ConflictResolver.conflictItemCount=38, DfDependencyCollector.collectTime=88957200, DfDependencyCollector.transformTime=1214400}
[DEBUG] com.trading.hf:ats-core:jar:1.0-SNAPSHOT
[DEBUG]    com.lmax:disruptor:jar:4.0.0:compile
[DEBUG]    com.upstox.api:upstox-java-sdk:jar:1.19:compile
[DEBUG]       io.swagger.core.v3:swagger-annotations:jar:2.0.0:compile
[DEBUG]       com.squareup.okhttp:okhttp:jar:2.7.5:compile
[DEBUG]          com.squareup.okio:okio:jar:1.6.0:compile
[DEBUG]       com.squareup.okhttp:logging-interceptor:jar:2.7.5:compile
[DEBUG]       io.gsonfire:gson-fire:jar:1.8.3:compile
[DEBUG]       org.threeten:threetenbp:jar:1.3.5:compile
[DEBUG]       javax.annotation:javax.annotation-api:jar:1.3.2:compile
[DEBUG]       com.google.protobuf:protobuf-java-util:jar:3.14.0:compile
[DEBUG]          com.google.guava:guava:jar:29.0-android:compile
[DEBUG]             com.google.guava:failureaccess:jar:1.0.1:compile
[DEBUG]             com.google.guava:listenablefuture:jar:9999.0-empty-to-avoid-conflict-with-guava:compile
[DEBUG]             com.google.code.findbugs:jsr305:jar:3.0.2:compile
[DEBUG]             org.checkerframework:checker-compat-qual:jar:2.5.5:compile
[DEBUG]             com.google.j2objc:j2objc-annotations:jar:1.3:compile
[DEBUG]          com.google.errorprone:error_prone_annotations:jar:2.3.4:compile
[DEBUG]       ch.qos.logback:logback-classic:jar:1.2.3:compile
[DEBUG]       ch.qos.logback:logback-core:jar:1.2.3:compile
[DEBUG]    com.google.protobuf:protobuf-java:jar:3.25.3:compile
[DEBUG]    org.json:json:jar:20231013:compile
[DEBUG]    com.google.code.gson:gson:jar:2.10.1:compile
[DEBUG]    junit:junit:jar:3.8.1:test
[DEBUG]    org.slf4j:slf4j-api:jar:2.0.13:compile
[DEBUG]    org.slf4j:slf4j-simple:jar:2.0.13:compile
[DEBUG]    org.java-websocket:Java-WebSocket:jar:1.5.3:compile
[INFO] 
[INFO] --- clean:3.2.0:clean (default-clean) @ ats-core ---
[DEBUG] Loading mojo org.apache.maven.plugins:maven-clean-plugin:3.2.0:clean from plugin realm ClassRealm[plugin>org.apache.maven.plugins:maven-clean-plugin:3.2.0, parent: jdk.internal.loader.ClassLoaders$AppClassLoader@1affbebc]
[DEBUG] Configuring mojo execution 'org.apache.maven.plugins:maven-clean-plugin:3.2.0:clean:default-clean' with basic configurator -->
[DEBUG]   (f) directory = D:\Java_CompleteProject\Java_CompleteSystem\ats-core\target
[DEBUG]   (f) excludeDefaultDirectories = false
[DEBUG]   (f) failOnError = true
[DEBUG]   (f) fast = false
[DEBUG]   (f) fastMode = background
[DEBUG]   (f) followSymLinks = false
[DEBUG]   (f) outputDirectory = D:\Java_CompleteProject\Java_CompleteSystem\ats-core\target\classes
[DEBUG]   (f) reportDirectory = D:\Java_CompleteProject\Java_CompleteSystem\ats-core\target\classes
[DEBUG]   (f) retryOnError = true
[DEBUG]   (f) session = org.apache.maven.execution.MavenSession@4cfa8227
[DEBUG]   (f) skip = false
[DEBUG]   (f) testOutputDirectory = D:\Java_CompleteProject\Java_CompleteSystem\ats-core\target\test-classes
[DEBUG] -- end configuration --
[INFO] Deleting D:\Java_CompleteProject\Java_CompleteSystem\ats-core\target
[INFO] Deleting file D:\Java_CompleteProject\Java_CompleteSystem\ats-core\target\protoc-plugins\protoc-gen-grpc-java-1.60.0-windows-x86_64.exe
[INFO] Deleting file D:\Java_CompleteProject\Java_CompleteSystem\ats-core\target\protoc-plugins\protoc-3.25.3-windows-x86_64.exe
[INFO] Deleting directory D:\Java_CompleteProject\Java_CompleteSystem\ats-core\target\protoc-plugins
[INFO] Deleting file D:\Java_CompleteProject\Java_CompleteSystem\ats-core\target\protoc-dependencies\5ed7886a925064bec14aca1141d70deb\google\protobuf\wrappers.proto
[INFO] Deleting file D:\Java_CompleteProject\Java_CompleteSystem\ats-core\target\protoc-dependencies\5ed7886a925064bec14aca1141d70deb\google\protobuf\type.proto
[INFO] Deleting file D:\Java_CompleteProject\Java_CompleteSystem\ats-core\target\protoc-dependencies\5ed7886a925064bec14aca1141d70deb\google\protobuf\timestamp.proto
[INFO] Deleting file D:\Java_CompleteProject\Java_CompleteSystem\ats-core\target\protoc-dependencies\5ed7886a925064bec14aca1141d70deb\google\protobuf\struct.proto
[INFO] Deleting file D:\Java_CompleteProject\Java_CompleteSystem\ats-core\target\protoc-dependencies\5ed7886a925064bec14aca1141d70deb\google\protobuf\source_context.proto
[INFO] Deleting file D:\Java_CompleteProject\Java_CompleteSystem\ats-core\target\protoc-dependencies\5ed7886a925064bec14aca1141d70deb\google\protobuf\field_mask.proto
[INFO] Deleting file D:\Java_CompleteProject\Java_CompleteSystem\ats-core\target\protoc-dependencies\5ed7886a925064bec14aca1141d70deb\google\protobuf\empty.proto
[INFO] Deleting file D:\Java_CompleteProject\Java_CompleteSystem\ats-core\target\protoc-dependencies\5ed7886a925064bec14aca1141d70deb\google\protobuf\duration.proto
[INFO] Deleting file D:\Java_CompleteProject\Java_CompleteSystem\ats-core\target\protoc-dependencies\5ed7886a925064bec14aca1141d70deb\google\protobuf\descriptor.proto
[INFO] Deleting file D:\Java_CompleteProject\Java_CompleteSystem\ats-core\target\protoc-dependencies\5ed7886a925064bec14aca1141d70deb\google\protobuf\api.proto
[INFO] Deleting file D:\Java_CompleteProject\Java_CompleteSystem\ats-core\target\protoc-dependencies\5ed7886a925064bec14aca1141d70deb\google\protobuf\any.proto
[INFO] Deleting directory D:\Java_CompleteProject\Java_CompleteSystem\ats-core\target\protoc-dependencies\5ed7886a925064bec14aca1141d70deb\google\protobuf
[INFO] Deleting directory D:\Java_CompleteProject\Java_CompleteSystem\ats-core\target\protoc-dependencies\5ed7886a925064bec14aca1141d70deb\google
[INFO] Deleting directory D:\Java_CompleteProject\Java_CompleteSystem\ats-core\target\protoc-dependencies\5ed7886a925064bec14aca1141d70deb
[INFO] Deleting directory D:\Java_CompleteProject\Java_CompleteSystem\ats-core\target\protoc-dependencies
[INFO] Deleting file D:\Java_CompleteProject\Java_CompleteSystem\ats-core\target\maven-status\maven-compiler-plugin\compile\default-compile\inputFiles.lst
[INFO] Deleting file D:\Java_CompleteProject\Java_CompleteSystem\ats-core\target\maven-status\maven-compiler-plugin\compile\default-compile\createdFiles.lst
[INFO] Deleting directory D:\Java_CompleteProject\Java_CompleteSystem\ats-core\target\maven-status\maven-compiler-plugin\compile\default-compile
[INFO] Deleting directory D:\Java_CompleteProject\Java_CompleteSystem\ats-core\target\maven-status\maven-compiler-plugin\compile
[INFO] Deleting directory D:\Java_CompleteProject\Java_CompleteSystem\ats-core\target\maven-status\maven-compiler-plugin
[INFO] Deleting directory D:\Java_CompleteProject\Java_CompleteSystem\ats-core\target\maven-status
[INFO] Deleting file D:\Java_CompleteProject\Java_CompleteSystem\ats-core\target\generated-sources\protobuf\java\com\upstox\marketdatafeederv3udapi\rpc\proto\MarketDataFeed.java
[INFO] Deleting directory D:\Java_CompleteProject\Java_CompleteSystem\ats-core\target\generated-sources\protobuf\java\com\upstox\marketdatafeederv3udapi\rpc\proto
[INFO] Deleting directory D:\Java_CompleteProject\Java_CompleteSystem\ats-core\target\generated-sources\protobuf\java\com\upstox\marketdatafeederv3udapi\rpc
[INFO] Deleting directory D:\Java_CompleteProject\Java_CompleteSystem\ats-core\target\generated-sources\protobuf\java\com\upstox\marketdatafeederv3udapi
[INFO] Deleting directory D:\Java_CompleteProject\Java_CompleteSystem\ats-core\target\generated-sources\protobuf\java\com\upstox
[INFO] Deleting directory D:\Java_CompleteProject\Java_CompleteSystem\ats-core\target\generated-sources\protobuf\java\com
[INFO] Deleting directory D:\Java_CompleteProject\Java_CompleteSystem\ats-core\target\generated-sources\protobuf\java
[INFO] Deleting directory D:\Java_CompleteProject\Java_CompleteSystem\ats-core\target\generated-sources\protobuf\grpc-java
[INFO] Deleting directory D:\Java_CompleteProject\Java_CompleteSystem\ats-core\target\generated-sources\protobuf
[INFO] Deleting directory D:\Java_CompleteProject\Java_CompleteSystem\ats-core\target\generated-sources\annotations
[INFO] Deleting directory D:\Java_CompleteProject\Java_CompleteSystem\ats-core\target\generated-sources
[INFO] Deleting file D:\Java_CompleteProject\Java_CompleteSystem\ats-core\target\classes\MarketDataFeed.proto
[INFO] Deleting file D:\Java_CompleteProject\Java_CompleteSystem\ats-core\target\classes\instrument-master.json
[INFO] Deleting file D:\Java_CompleteProject\Java_CompleteSystem\ats-core\target\classes\IndexWeights.json
[INFO] Deleting file D:\Java_CompleteProject\Java_CompleteSystem\ats-core\target\classes\data\NSE_FO_60166_data.json.json.gz
[INFO] Deleting file D:\Java_CompleteProject\Java_CompleteSystem\ats-core\target\classes\data\NSE_FO_51510_data.json.json.gz
[INFO] Deleting file D:\Java_CompleteProject\Java_CompleteSystem\ats-core\target\classes\data\NSE_FO_51507_data.json.json.gz
[INFO] Deleting file D:\Java_CompleteProject\Java_CompleteSystem\ats-core\target\classes\data\NSE_FO_51502_data.json.json.gz
[INFO] Deleting file D:\Java_CompleteProject\Java_CompleteSystem\ats-core\target\classes\data\NSE_FO_51498_data.json.json.gz
[INFO] Deleting file D:\Java_CompleteProject\Java_CompleteSystem\ats-core\target\classes\data\NSE_FO_51461_data.json.json.gz
[INFO] Deleting file D:\Java_CompleteProject\Java_CompleteSystem\ats-core\target\classes\data\NSE_FO_51460_data.json.json.gz
[INFO] Deleting file D:\Java_CompleteProject\Java_CompleteSystem\ats-core\target\classes\data\NSE_FO_51420_data.json.json.gz
[INFO] Deleting file D:\Java_CompleteProject\Java_CompleteSystem\ats-core\target\classes\data\NSE_FO_51414_data.json.json.gz
[INFO] Deleting file D:\Java_CompleteProject\Java_CompleteSystem\ats-core\target\classes\data\NSE_EQ_INE811K01011_data.json.json.gz
[INFO] Deleting file D:\Java_CompleteProject\Java_CompleteSystem\ats-core\target\classes\data\NSE_EQ_INE465A01025_data.json.json.gz
[INFO] Deleting file D:\Java_CompleteProject\Java_CompleteSystem\ats-core\target\classes\data\NSE_EQ_INE118H01025_data.json.json.gz
[INFO] Deleting file D:\Java_CompleteProject\Java_CompleteSystem\ats-core\target\classes\data\NSE_EQ_INE027H01010_data.json.json.gz
[INFO] Deleting file D:\Java_CompleteProject\Java_CompleteSystem\ats-core\target\classes\data\generated_data.json.gz
[INFO] Deleting directory D:\Java_CompleteProject\Java_CompleteSystem\ats-core\target\classes\data
[INFO] Deleting file D:\Java_CompleteProject\Java_CompleteSystem\ats-core\target\classes\config.properties.example
[INFO] Deleting directory D:\Java_CompleteProject\Java_CompleteSystem\ats-core\target\classes
[INFO] Deleting directory D:\Java_CompleteProject\Java_CompleteSystem\ats-core\target
[DEBUG] Skipping non-existing directory D:\Java_CompleteProject\Java_CompleteSystem\ats-core\target\classes
[DEBUG] Skipping non-existing directory D:\Java_CompleteProject\Java_CompleteSystem\ats-core\target\test-classes
[DEBUG] Skipping non-existing directory D:\Java_CompleteProject\Java_CompleteSystem\ats-core\target\classes
[INFO] 
[INFO] --- protobuf:0.6.1:compile (default) @ ats-core ---
[DEBUG] Using mirror maven-default-http-blocker (http://0.0.0.0/) for apache.snapshots (http://repository.apache.org/snapshots).
[DEBUG] Dependency collection stats {ConflictMarker.analyzeTime=403700, ConflictMarker.markTime=129600, ConflictMarker.nodeCount=56, ConflictIdSorter.graphTime=43100, ConflictIdSorter.topsortTime=25400, ConflictIdSorter.conflictIdCount=27, ConflictIdSorter.conflictIdCycleCount=0, ConflictResolver.totalTime=549800, ConflictResolver.conflictItemCount=55, DfDependencyCollector.collectTime=81766500, DfDependencyCollector.transformTime=1172200}
[DEBUG] org.xolstice.maven.plugins:protobuf-maven-plugin:jar:0.6.1
[DEBUG]    org.apache.maven:maven-plugin-api:jar:3.0:compile
[DEBUG]       org.apache.maven:maven-model:jar:3.0:compile
[DEBUG]       org.sonatype.sisu:sisu-inject-plexus:jar:1.4.2:compile
[DEBUG]          org.sonatype.sisu:sisu-inject-bean:jar:1.4.2:compile
[DEBUG]             org.sonatype.sisu:sisu-guice:jar:noaop:2.1.7:compile
[DEBUG]    org.apache.maven.plugin-tools:maven-plugin-annotations:jar:3.5.2:compile
[DEBUG]    org.codehaus.plexus:plexus-utils:jar:3.1.0:compile
[DEBUG]    org.codehaus.plexus:plexus-component-annotations:jar:1.7.1:compile
[DEBUG]    org.sonatype.plexus:plexus-build-api:jar:0.0.7:compile
[DEBUG]    org.apache.maven:maven-core:jar:3.0:compile
[DEBUG]       org.apache.maven:maven-settings:jar:3.0:compile
[DEBUG]       org.apache.maven:maven-settings-builder:jar:3.0:compile
[DEBUG]       org.apache.maven:maven-repository-metadata:jar:3.0:compile
[DEBUG]       org.apache.maven:maven-model-builder:jar:3.0:compile
[DEBUG]       org.apache.maven:maven-aether-provider:jar:3.0:runtime
[DEBUG]       org.sonatype.aether:aether-impl:jar:1.7:compile
[DEBUG]          org.sonatype.aether:aether-spi:jar:1.7:compile
[DEBUG]       org.sonatype.aether:aether-api:jar:1.7:compile
[DEBUG]       org.sonatype.aether:aether-util:jar:1.7:compile
[DEBUG]       org.codehaus.plexus:plexus-interpolation:jar:1.14:compile
[DEBUG]       org.codehaus.plexus:plexus-classworlds:jar:2.2.3:compile
[DEBUG]       org.sonatype.plexus:plexus-sec-dispatcher:jar:1.3:compile
[DEBUG]          org.sonatype.plexus:plexus-cipher:jar:1.4:compile
[DEBUG]    org.apache.maven:maven-artifact:jar:3.0:compile
[DEBUG]    org.apache.maven:maven-compat:jar:3.0:compile
[DEBUG]       org.apache.maven.wagon:wagon-provider-api:jar:1.0-beta-6:compile
[DEBUG] Created new class realm plugin>org.xolstice.maven.plugins:protobuf-maven-plugin:0.6.1
[DEBUG] Importing foreign packages into class realm plugin>org.xolstice.maven.plugins:protobuf-maven-plugin:0.6.1
[DEBUG]   Imported:  < project>com.trading.hf:hf-ats-parent:1.0-SNAPSHOT
[DEBUG] Populating class realm plugin>org.xolstice.maven.plugins:protobuf-maven-plugin:0.6.1
[DEBUG]   Included: org.xolstice.maven.plugins:protobuf-maven-plugin:jar:0.6.1
[DEBUG]   Included: org.sonatype.sisu:sisu-inject-bean:jar:1.4.2
[DEBUG]   Included: org.sonatype.sisu:sisu-guice:jar:noaop:2.1.7
[DEBUG]   Included: org.apache.maven.plugin-tools:maven-plugin-annotations:jar:3.5.2
[DEBUG]   Included: org.codehaus.plexus:plexus-utils:jar:3.1.0
[DEBUG]   Included: org.codehaus.plexus:plexus-component-annotations:jar:1.7.1
[DEBUG]   Included: org.sonatype.plexus:plexus-build-api:jar:0.0.7
[DEBUG]   Included: org.sonatype.aether:aether-util:jar:1.7
[DEBUG]   Included: org.codehaus.plexus:plexus-interpolation:jar:1.14
[DEBUG]   Included: org.sonatype.plexus:plexus-sec-dispatcher:jar:1.3
[DEBUG]   Included: org.sonatype.plexus:plexus-cipher:jar:1.4
[DEBUG] Loading mojo org.xolstice.maven.plugins:protobuf-maven-plugin:0.6.1:compile from plugin realm ClassRealm[plugin>org.xolstice.maven.plugins:protobuf-maven-plugin:0.6.1, parent: jdk.internal.loader.ClassLoaders$AppClassLoader@1affbebc]
[DEBUG] Configuring mojo execution 'org.xolstice.maven.plugins:protobuf-maven-plugin:0.6.1:compile:default' with basic configurator -->
[DEBUG]   (f) attachDescriptorSet = false
[DEBUG]   (f) attachProtoSources = true
[DEBUG]   (f) checkStaleness = false
[DEBUG]   (f) clearOutputDirectory = true
[DEBUG]   (f) descriptorSetFileName = ats-core-1.0-SNAPSHOT.protobin
[DEBUG]   (f) descriptorSetOutputDirectory = D:\Java_CompleteProject\Java_CompleteSystem\ats-core\target\generated-resources\protobuf\descriptor-sets
[DEBUG]   (f) forceMojoExecution = false
[DEBUG]   (f) hashDependentPaths = true
[DEBUG]   (f) includeDependenciesInDescriptorSet = false
[DEBUG]   (f) includeSourceInfoInDescriptorSet = false
[DEBUG]   (f) localRepository =       id: local
      url: file:///D:/apache-maven-3.9.12-bin/.m2/repo/
   layout: default
snapshots: [enabled => true, update => always]
 releases: [enabled => true, update => always]
   blocked: false

[DEBUG]   (f) outputDirectory = D:\Java_CompleteProject\Java_CompleteSystem\ats-core\target\generated-sources\protobuf\java
[DEBUG]   (f) project = MavenProject: com.trading.hf:ats-core:1.0-SNAPSHOT @ D:\Java_CompleteProject\Java_CompleteSystem\ats-core\pom.xml
[DEBUG]   (f) protoSourceRoot = D:\Java_CompleteProject\Java_CompleteSystem\ats-core\src\main\proto
[DEBUG]   (f) protocArtifact = com.google.protobuf:protoc:3.25.3:exe:windows-x86_64
[DEBUG]   (f) protocPluginDirectory = D:\Java_CompleteProject\Java_CompleteSystem\ats-core\target\protoc-plugins
[DEBUG]   (f) remoteRepositories = [      id: central
      url: https://repo.maven.apache.org/maven2
   layout: default
snapshots: [enabled => false, update => daily]
 releases: [enabled => true, update => daily]
   blocked: false
]
[DEBUG]   (f) session = org.apache.maven.execution.MavenSession@4cfa8227
[DEBUG]   (f) skip = false
[DEBUG]   (f) staleMillis = 0
[DEBUG]   (f) tempDirectory = D:\Java_CompleteProject\Java_CompleteSystem\ats-core\target
[DEBUG]   (f) temporaryProtoFileDirectory = D:\Java_CompleteProject\Java_CompleteSystem\ats-core\target\protoc-dependencies
[DEBUG]   (f) useArgumentFile = false
[DEBUG]   (f) writeDescriptorSet = false
[DEBUG] -- end configuration --
[DEBUG] Resolved artifact: com.google.protobuf:protoc:exe:windows-x86_64:3.25.3:runtime
[DEBUG] Executable file: D:\Java_CompleteProject\Java_CompleteSystem\ats-core\target\protoc-plugins\protoc-3.25.3-windows-x86_64.exe
[DEBUG] Proto source root:
[DEBUG]  D:\Java_CompleteProject\Java_CompleteSystem\ats-core\src\main\proto
[DEBUG] Derived proto paths:
[DEBUG]  D:\Java_CompleteProject\Java_CompleteSystem\ats-core\target\protoc-dependencies\5ed7886a925064bec14aca1141d70deb
[DEBUG]  D:\Java_CompleteProject\Java_CompleteSystem\ats-core\target\protoc-dependencies\5ed7886a925064bec14aca1141d70deb
[DEBUG]  D:\Java_CompleteProject\Java_CompleteSystem\ats-core\target\protoc-dependencies\5ed7886a925064bec14aca1141d70deb
[DEBUG]  D:\Java_CompleteProject\Java_CompleteSystem\ats-core\target\protoc-dependencies\5ed7886a925064bec14aca1141d70deb
[DEBUG]  D:\Java_CompleteProject\Java_CompleteSystem\ats-core\target\protoc-dependencies\5ed7886a925064bec14aca1141d70deb
[DEBUG]  D:\Java_CompleteProject\Java_CompleteSystem\ats-core\target\protoc-dependencies\5ed7886a925064bec14aca1141d70deb
[DEBUG]  D:\Java_CompleteProject\Java_CompleteSystem\ats-core\target\protoc-dependencies\5ed7886a925064bec14aca1141d70deb
[DEBUG]  D:\Java_CompleteProject\Java_CompleteSystem\ats-core\target\protoc-dependencies\5ed7886a925064bec14aca1141d70deb
[DEBUG]  D:\Java_CompleteProject\Java_CompleteSystem\ats-core\target\protoc-dependencies\5ed7886a925064bec14aca1141d70deb
[DEBUG]  D:\Java_CompleteProject\Java_CompleteSystem\ats-core\target\protoc-dependencies\5ed7886a925064bec14aca1141d70deb
[DEBUG]  D:\Java_CompleteProject\Java_CompleteSystem\ats-core\target\protoc-dependencies\5ed7886a925064bec14aca1141d70deb
[DEBUG] [PROTOC] Executable: 
[DEBUG] [PROTOC]  D:\Java_CompleteProject\Java_CompleteSystem\ats-core\target\protoc-plugins\protoc-3.25.3-windows-x86_64.exe
[DEBUG] [PROTOC] Protobuf import paths:
[DEBUG] [PROTOC]  D:\Java_CompleteProject\Java_CompleteSystem\ats-core\src\main\proto
[DEBUG] [PROTOC]  D:\Java_CompleteProject\Java_CompleteSystem\ats-core\target\protoc-dependencies\5ed7886a925064bec14aca1141d70deb
[DEBUG] [PROTOC] Java output directory:
[DEBUG] [PROTOC]  D:\Java_CompleteProject\Java_CompleteSystem\ats-core\target\generated-sources\protobuf\java
[DEBUG] [PROTOC] Protobuf descriptors:
[DEBUG] [PROTOC]  D:\Java_CompleteProject\Java_CompleteSystem\ats-core\src\main\proto\MarketDataFeed.proto
[DEBUG] [PROTOC] Command line options:
[DEBUG] [PROTOC] --proto_path=D:\Java_CompleteProject\Java_CompleteSystem\ats-core\src\main\proto --proto_path=D:\Java_CompleteProject\Java_CompleteSystem\ats-core\target\protoc-dependencies\5ed7886a925064bec14aca1141d70deb --java_out=D:\Java_CompleteProject\Java_CompleteSystem\ats-core\target\generated-sources\protobuf\java D:\Java_CompleteProject\Java_CompleteSystem\ats-core\src\main\proto\MarketDataFeed.proto
[INFO] Compiling 1 proto file(s) to D:\Java_CompleteProject\Java_CompleteSystem\ats-core\target\generated-sources\protobuf\java
[INFO] 
[INFO] --- protobuf:0.6.1:compile-custom (default) @ ats-core ---
[DEBUG] Loading mojo org.xolstice.maven.plugins:protobuf-maven-plugin:0.6.1:compile-custom from plugin realm ClassRealm[plugin>org.xolstice.maven.plugins:protobuf-maven-plugin:0.6.1, parent: jdk.internal.loader.ClassLoaders$AppClassLoader@1affbebc]
[DEBUG] Configuring mojo execution 'org.xolstice.maven.plugins:protobuf-maven-plugin:0.6.1:compile-custom:default' with basic configurator -->
[DEBUG]   (f) attachDescriptorSet = false
[DEBUG]   (f) attachProtoSources = true
[DEBUG]   (f) checkStaleness = false
[DEBUG]   (f) clearOutputDirectory = true
[DEBUG]   (f) descriptorSetFileName = ats-core-1.0-SNAPSHOT.protobin
[DEBUG]   (f) descriptorSetOutputDirectory = D:\Java_CompleteProject\Java_CompleteSystem\ats-core\target\generated-resources\protobuf\descriptor-sets
[DEBUG]   (f) forceMojoExecution = false
[DEBUG]   (f) hashDependentPaths = true
[DEBUG]   (f) includeDependenciesInDescriptorSet = false
[DEBUG]   (f) includeSourceInfoInDescriptorSet = false
[DEBUG]   (f) localRepository =       id: local
      url: file:///D:/apache-maven-3.9.12-bin/.m2/repo/
   layout: default
snapshots: [enabled => true, update => always]
 releases: [enabled => true, update => always]
   blocked: false

[DEBUG]   (f) outputBaseDirectory = D:\Java_CompleteProject\Java_CompleteSystem\ats-core\target\generated-sources\protobuf
[DEBUG]   (f) pluginArtifact = io.grpc:protoc-gen-grpc-java:1.60.0:exe:windows-x86_64
[DEBUG]   (f) pluginId = grpc-java
[DEBUG]   (f) project = MavenProject: com.trading.hf:ats-core:1.0-SNAPSHOT @ D:\Java_CompleteProject\Java_CompleteSystem\ats-core\pom.xml
[DEBUG]   (f) protoSourceRoot = D:\Java_CompleteProject\Java_CompleteSystem\ats-core\src\main\proto
[DEBUG]   (f) protocArtifact = com.google.protobuf:protoc:3.25.3:exe:windows-x86_64
[DEBUG]   (f) protocPluginDirectory = D:\Java_CompleteProject\Java_CompleteSystem\ats-core\target\protoc-plugins
[DEBUG]   (f) remoteRepositories = [      id: central
      url: https://repo.maven.apache.org/maven2
   layout: default
snapshots: [enabled => false, update => daily]
 releases: [enabled => true, update => daily]
   blocked: false
]
[DEBUG]   (f) session = org.apache.maven.execution.MavenSession@4cfa8227
[DEBUG]   (f) skip = false
[DEBUG]   (f) staleMillis = 0
[DEBUG]   (f) tempDirectory = D:\Java_CompleteProject\Java_CompleteSystem\ats-core\target
[DEBUG]   (f) temporaryProtoFileDirectory = D:\Java_CompleteProject\Java_CompleteSystem\ats-core\target\protoc-dependencies
[DEBUG]   (f) useArgumentFile = false
[DEBUG]   (f) writeDescriptorSet = false
[DEBUG] -- end configuration --
[DEBUG] Resolved artifact: com.google.protobuf:protoc:exe:windows-x86_64:3.25.3:runtime
[DEBUG] Executable file already exists: D:\Java_CompleteProject\Java_CompleteSystem\ats-core\target\protoc-plugins\protoc-3.25.3-windows-x86_64.exe
[DEBUG] Resolved artifact: io.grpc:protoc-gen-grpc-java:exe:windows-x86_64:1.60.0:runtime
[DEBUG] Executable file: D:\Java_CompleteProject\Java_CompleteSystem\ats-core\target\protoc-plugins\protoc-gen-grpc-java-1.60.0-windows-x86_64.exe
[DEBUG] Proto source root:
[DEBUG]  D:\Java_CompleteProject\Java_CompleteSystem\ats-core\src\main\proto
[DEBUG] Derived proto paths:
[DEBUG]  D:\Java_CompleteProject\Java_CompleteSystem\ats-core\target\protoc-dependencies\5ed7886a925064bec14aca1141d70deb
[DEBUG]  D:\Java_CompleteProject\Java_CompleteSystem\ats-core\target\protoc-dependencies\5ed7886a925064bec14aca1141d70deb
[DEBUG]  D:\Java_CompleteProject\Java_CompleteSystem\ats-core\target\protoc-dependencies\5ed7886a925064bec14aca1141d70deb
[DEBUG]  D:\Java_CompleteProject\Java_CompleteSystem\ats-core\target\protoc-dependencies\5ed7886a925064bec14aca1141d70deb
[DEBUG]  D:\Java_CompleteProject\Java_CompleteSystem\ats-core\target\protoc-dependencies\5ed7886a925064bec14aca1141d70deb
[DEBUG]  D:\Java_CompleteProject\Java_CompleteSystem\ats-core\target\protoc-dependencies\5ed7886a925064bec14aca1141d70deb
[DEBUG]  D:\Java_CompleteProject\Java_CompleteSystem\ats-core\target\protoc-dependencies\5ed7886a925064bec14aca1141d70deb
[DEBUG]  D:\Java_CompleteProject\Java_CompleteSystem\ats-core\target\protoc-dependencies\5ed7886a925064bec14aca1141d70deb
[DEBUG]  D:\Java_CompleteProject\Java_CompleteSystem\ats-core\target\protoc-dependencies\5ed7886a925064bec14aca1141d70deb
[DEBUG]  D:\Java_CompleteProject\Java_CompleteSystem\ats-core\target\protoc-dependencies\5ed7886a925064bec14aca1141d70deb
[DEBUG]  D:\Java_CompleteProject\Java_CompleteSystem\ats-core\target\protoc-dependencies\5ed7886a925064bec14aca1141d70deb
[DEBUG] [PROTOC] Executable: 
[DEBUG] [PROTOC]  D:\Java_CompleteProject\Java_CompleteSystem\ats-core\target\protoc-plugins\protoc-3.25.3-windows-x86_64.exe
[DEBUG] [PROTOC] Protobuf import paths:
[DEBUG] [PROTOC]  D:\Java_CompleteProject\Java_CompleteSystem\ats-core\src\main\proto
[DEBUG] [PROTOC]  D:\Java_CompleteProject\Java_CompleteSystem\ats-core\target\protoc-dependencies\5ed7886a925064bec14aca1141d70deb
[DEBUG] [PROTOC] Protobuf descriptors:
[DEBUG] [PROTOC]  D:\Java_CompleteProject\Java_CompleteSystem\ats-core\src\main\proto\MarketDataFeed.proto
[DEBUG] [PROTOC] Command line options:
[DEBUG] [PROTOC] --proto_path=D:\Java_CompleteProject\Java_CompleteSystem\ats-core\src\main\proto --proto_path=D:\Java_CompleteProject\Java_CompleteSystem\ats-core\target\protoc-dependencies\5ed7886a925064bec14aca1141d70deb --plugin=protoc-gen-grpc-java=D:\Java_CompleteProject\Java_CompleteSystem\ats-core\target\protoc-plugins\protoc-gen-grpc-java-1.60.0-windows-x86_64.exe --grpc-java_out=D:\Java_CompleteProject\Java_CompleteSystem\ats-core\target\generated-sources\protobuf\grpc-java D:\Java_CompleteProject\Java_CompleteSystem\ats-core\src\main\proto\MarketDataFeed.proto
[INFO] Compiling 1 proto file(s) to D:\Java_CompleteProject\Java_CompleteSystem\ats-core\target\generated-sources\protobuf\grpc-java
[INFO] 
[INFO] --- resources:3.3.1:resources (default-resources) @ ats-core ---
[DEBUG] Dependency collection stats {ConflictMarker.analyzeTime=71800, ConflictMarker.markTime=21900, ConflictMarker.nodeCount=13, ConflictIdSorter.graphTime=11300, ConflictIdSorter.topsortTime=10300, ConflictIdSorter.conflictIdCount=9, ConflictIdSorter.conflictIdCycleCount=0, ConflictResolver.totalTime=189700, ConflictResolver.conflictItemCount=13, DfDependencyCollector.collectTime=27110600, DfDependencyCollector.transformTime=322300}
[DEBUG] org.apache.maven.plugins:maven-resources-plugin:jar:3.3.1
[DEBUG]    org.codehaus.plexus:plexus-interpolation:jar:1.26:runtime
[DEBUG]    org.codehaus.plexus:plexus-utils:jar:3.5.1:compile
[DEBUG]    org.apache.maven.shared:maven-filtering:jar:3.3.1:compile
[DEBUG]       javax.inject:javax.inject:jar:1:compile
[DEBUG]       org.slf4j:slf4j-api:jar:1.7.36:compile
[DEBUG]       org.sonatype.plexus:plexus-build-api:jar:0.0.7:compile
[DEBUG]    commons-io:commons-io:jar:2.11.0:compile
[DEBUG]    org.apache.commons:commons-lang3:jar:3.12.0:compile
[DEBUG] Created new class realm plugin>org.apache.maven.plugins:maven-resources-plugin:3.3.1
[DEBUG] Importing foreign packages into class realm plugin>org.apache.maven.plugins:maven-resources-plugin:3.3.1
[DEBUG]   Imported:  < project>com.trading.hf:hf-ats-parent:1.0-SNAPSHOT
[DEBUG] Populating class realm plugin>org.apache.maven.plugins:maven-resources-plugin:3.3.1
[DEBUG]   Included: org.apache.maven.plugins:maven-resources-plugin:jar:3.3.1
[DEBUG]   Included: org.codehaus.plexus:plexus-interpolation:jar:1.26
[DEBUG]   Included: org.codehaus.plexus:plexus-utils:jar:3.5.1
[DEBUG]   Included: org.apache.maven.shared:maven-filtering:jar:3.3.1
[DEBUG]   Included: org.sonatype.plexus:plexus-build-api:jar:0.0.7
[DEBUG]   Included: commons-io:commons-io:jar:2.11.0
[DEBUG]   Included: org.apache.commons:commons-lang3:jar:3.12.0
[DEBUG] Loading mojo org.apache.maven.plugins:maven-resources-plugin:3.3.1:resources from plugin realm ClassRealm[plugin>org.apache.maven.plugins:maven-resources-plugin:3.3.1, parent: jdk.internal.loader.ClassLoaders$AppClassLoader@1affbebc]
[DEBUG] Configuring mojo execution 'org.apache.maven.plugins:maven-resources-plugin:3.3.1:resources:default-resources' with basic configurator -->
[DEBUG]   (f) addDefaultExcludes = true
[DEBUG]   (f) buildFilters = []
[DEBUG]   (f) encoding = UTF-8
[DEBUG]   (f) escapeWindowsPaths = true
[DEBUG]   (f) fileNameFiltering = false
[DEBUG]   (s) includeEmptyDirs = false
[DEBUG]   (s) outputDirectory = D:\Java_CompleteProject\Java_CompleteSystem\ats-core\target\classes
[DEBUG]   (s) overwrite = false
[DEBUG]   (f) project = MavenProject: com.trading.hf:ats-core:1.0-SNAPSHOT @ D:\Java_CompleteProject\Java_CompleteSystem\ats-core\pom.xml
[DEBUG]   (s) resources = [Resource {targetPath: null, filtering: false, FileSet {directory: D:\Java_CompleteProject\Java_CompleteSystem\ats-core\src\main\resources, PatternSet [includes: {}, excludes: {}]}}, Resource {targetPath: null, filtering: false, FileSet {directory: D:\Java_CompleteProject\Java_CompleteSystem\ats-core\src\main\proto, PatternSet [includes: {**/*.proto}, excludes: {}]}}, Resource {targetPath: null, filtering: false, FileSet {directory: D:\Java_CompleteProject\Java_CompleteSystem\ats-core\src\main\proto, PatternSet [includes: {**/*.proto}, excludes: {}]}}]
[DEBUG]   (f) session = org.apache.maven.execution.MavenSession@4cfa8227
[DEBUG]   (f) skip = false
[DEBUG]   (f) supportMultiLineFiltering = false
[DEBUG]   (f) useBuildFilters = true
[DEBUG]   (s) useDefaultDelimiters = true
[DEBUG] -- end configuration --
[DEBUG] properties used:
[DEBUG] classworlds.conf: D:\apache-maven-3.9.12-bin\apache-maven-3.9.12\bin\m2.conf
[DEBUG] env.=D:: D:\Java_CompleteProject\Java_CompleteSystem
[DEBUG] env.=EXITCODE: 00000000
[DEBUG] env.ALLUSERSPROFILE: C:\ProgramData
[DEBUG] env.ANTIGRAVITY_AGENT: 1
[DEBUG] env.ANTIGRAVITY_CLI_ALIAS: agy
[DEBUG] env.APPDATA: C:\Users\Mahesh\AppData\Roaming
[DEBUG] env.CHROME_CRASHPAD_PIPE_NAME: \\.\pipe\crashpad_13500_INTXNSWPJNQTYYVM
[DEBUG] env.CLASSWORLDS_JAR: "D:\apache-maven-3.9.12-bin\apache-maven-3.9.12\boot\plexus-classworlds-2.9.0.jar"
[DEBUG] env.CLASSWORLDS_LAUNCHER: org.codehaus.plexus.classworlds.launcher.Launcher
[DEBUG] env.COLORTERM: truecolor
[DEBUG] env.COMMONPROGRAMFILES: C:\Program Files\Common Files
[DEBUG] env.COMMONPROGRAMFILES(X86): C:\Program Files (x86)\Common Files
[DEBUG] env.COMMONPROGRAMW6432: C:\Program Files\Common Files
[DEBUG] env.COMPUTERNAME: MAHESH-MAGICBOO
[DEBUG] env.COMSPEC: C:\WINDOWS\system32\cmd.exe
[DEBUG] env.DRIVERDATA: C:\Windows\System32\Drivers\DriverData
[DEBUG] env.EFC_6600_1592913036: 1
[DEBUG] env.ERROR_CODE: 0
[DEBUG] env.EXEC_DIR: D:\Java_CompleteProject\Java_CompleteSystem
[DEBUG] env.GIT_ASKPASS: d:\Antigravity\resources\app\extensions\git\dist\askpass.sh
[DEBUG] env.HOMEDRIVE: C:
[DEBUG] env.HOMEPATH: \Users\Mahesh
[DEBUG] env.IGCCSVC_DB: AQAAANCMnd8BFdERjHoAwE/Cl+sBAAAAGHxkWwoJP0SJGU8yvc9hpgQAAAACAAAAAAAQZgAAAAEAACAAAACYNUiJWCftzrcCnSWw3ea5E+7kSiDHPSxXgM96/ro1xwAAAAAOgAAAAAIAACAAAAAq0FnoFOiocr/vM35/iVp7v6EhwqXXwkZnASdAHCN+w2AAAADoXNkauvs2M3Y9YFHY5NWHBWC4hmxLO45VXRt2nbtH5noSweAApZLM0mlpnSK7OQJZ0tmEjSne14pWFjuCRo2fXtBx2F+UY/RX0Bl5KzYEHPM0bWGV/skgUJCQZ0aYxl9AAAAATPXaUUDLB4Uc9IYNkxu4rVnFIh6uz7ZaFBSCzfxSD4MMsg6eU8Lucicm2qOymFV6a1wtlGfJJo4091XoTnqeFA==
[DEBUG] env.INTERNAL_MAVEN_OPTS: --enable-native-access=ALL-UNNAMED 
[DEBUG] env.JAVACMD: D:\jdk-25.0.1.8-hotspot\bin\java.exe
[DEBUG] env.JAVA_HOME: D:\jdk-25.0.1.8-hotspot
[DEBUG] env.JVMCONFIG: \.mvn\jvm.config
[DEBUG] env.LANG: en_US.UTF-8
[DEBUG] env.LOCALAPPDATA: C:\Users\Mahesh\AppData\Local
[DEBUG] env.LOGONSERVER: \\MAHESH-MAGICBOO
[DEBUG] env.MAVEN_CMD_LINE_ARGS: -pl ats-core -am clean compile -DskipTests -e -X
[DEBUG] env.MAVEN_HOME: D:\apache-maven-3.9.12-bin\apache-maven-3.9.12
[DEBUG] env.MAVEN_PROJECTBASEDIR: D:\Java_CompleteProject\Java_CompleteSystem
[DEBUG] env.NUMBER_OF_PROCESSORS: 12
[DEBUG] env.ONEDRIVE: D:\OneDrive
[DEBUG] env.ORIGINAL_XDG_CURRENT_DESKTOP: undefined
[DEBUG] env.OS: Windows_NT
[DEBUG] env.PAGER: cat
[DEBUG] env.PATH: D:\jdk-25.0.1.8-hotspot\bin;D:\apache-maven-3.9.12-bin\apache-maven-3.9.12\bin;C:\WINDOWS\system32;C:\WINDOWS;C:\WINDOWS\System32\Wbem;C:\WINDOWS\System32\WindowsPowerShell\v1.0\;C:\WINDOWS\System32\OpenSSH\;C:\Program Files\nodejs\;C:\Program Files\GitHub CLI\;C:\msys64\mingw64\bin\;D:\py_code_workspace\Git\cmd;D:\jdk-25.0.1.8-hotspot\bin;D:\apache-maven-3.9.12-bin\apache-maven-3.9.12\bin;C:\Users\Mahesh\AppData\Local\Programs\Python\Python312\Scripts\;C:\Users\Mahesh\AppData\Local\Programs\Python\Python312\;D:\py_code_workspace\.venv\Scripts;D:\py_code_workspace\.venv\Scripts\python.exe;C:\Users\Mahesh\AppData\Local\Microsoft\WindowsApps;C:\Users\Mahesh\AppData\Local\Programs\Microsoft VS Code\bin;d:\JetBrains\PyCharm Community Edition 2024.1.4\bin;;C:\Users\Mahesh\AppData\Roaming\npm;d:\Redis;C:\msys64\mingw64\bin\;D:\Antigravity\bin
[DEBUG] env.PATHEXT: .COM;.EXE;.BAT;.CMD;.VBS;.VBE;.JS;.JSE;.WSF;.WSH;.MSC;.CPL
[DEBUG] env.PROCESSOR_ARCHITECTURE: AMD64
[DEBUG] env.PROCESSOR_IDENTIFIER: Intel64 Family 6 Model 154 Stepping 3, GenuineIntel
[DEBUG] env.PROCESSOR_LEVEL: 6
[DEBUG] env.PROCESSOR_REVISION: 9a03
[DEBUG] env.PROGRAMDATA: C:\ProgramData
[DEBUG] env.PROGRAMFILES: C:\Program Files
[DEBUG] env.PROGRAMFILES(X86): C:\Program Files (x86)
[DEBUG] env.PROGRAMW6432: C:\Program Files
[DEBUG] env.PROMPT: $P$G
[DEBUG] env.PSMODULEPATH: C:\Users\Mahesh\Documents\WindowsPowerShell\Modules;C:\Program Files\WindowsPowerShell\Modules;C:\WINDOWS\system32\WindowsPowerShell\v1.0\Modules
[DEBUG] env.PUBLIC: C:\Users\Public
[DEBUG] env.PYCHARM COMMUNITY EDITION: d:\JetBrains\PyCharm Community Edition 2024.1.4\bin;
[DEBUG] env.SESSIONNAME: Console
[DEBUG] env.SYSTEMDRIVE: C:
[DEBUG] env.SYSTEMROOT: C:\WINDOWS
[DEBUG] env.TEMP: C:\Users\Mahesh\AppData\Local\Temp
[DEBUG] env.TERM_PROGRAM: vscode
[DEBUG] env.TERM_PROGRAM_VERSION: 1.104.0
[DEBUG] env.TMP: C:\Users\Mahesh\AppData\Local\Temp
[DEBUG] env.USERDOMAIN: MAHESH-MAGICBOO
[DEBUG] env.USERDOMAIN_ROAMINGPROFILE: MAHESH-MAGICBOO
[DEBUG] env.USERNAME: Mahesh
[DEBUG] env.USERPROFILE: C:\Users\Mahesh
[DEBUG] env.VSCODE_GIT_ASKPASS_EXTRA_ARGS: 
[DEBUG] env.VSCODE_GIT_ASKPASS_MAIN: d:\Antigravity\resources\app\extensions\git\dist\askpass-main.js
[DEBUG] env.VSCODE_GIT_ASKPASS_NODE: D:\Antigravity\Antigravity.exe
[DEBUG] env.VSCODE_GIT_IPC_HANDLE: \\.\pipe\vscode-git-1ea3dcd0d1-sock
[DEBUG] env.VSCODE_INJECTION: 1
[DEBUG] env.VSCODE_PYTHON_AUTOACTIVATE_GUARD: 1
[DEBUG] env.WDIR: D:\
[DEBUG] env.WINDIR: C:\WINDOWS
[DEBUG] env.ZES_ENABLE_SYSMAN: 1
[DEBUG] env.__PSLOCKDOWNPOLICY: 0
[DEBUG] file.encoding: UTF-8
[DEBUG] file.separator: \
[DEBUG] java.class.path: D:\apache-maven-3.9.12-bin\apache-maven-3.9.12\boot\plexus-classworlds-2.9.0.jar
[DEBUG] java.class.version: 69.0
[DEBUG] java.home: D:\jdk-25.0.1.8-hotspot
[DEBUG] java.io.tmpdir: C:\Users\Mahesh\AppData\Local\Temp\
[DEBUG] java.library.path: D:\jdk-25.0.1.8-hotspot\bin;C:\WINDOWS\Sun\Java\bin;C:\WINDOWS\system32;C:\WINDOWS;D:\jdk-25.0.1.8-hotspot\bin;D:\apache-maven-3.9.12-bin\apache-maven-3.9.12\bin;C:\WINDOWS\system32;C:\WINDOWS;C:\WINDOWS\System32\Wbem;C:\WINDOWS\System32\WindowsPowerShell\v1.0\;C:\WINDOWS\System32\OpenSSH\;C:\Program Files\nodejs\;C:\Program Files\GitHub CLI\;C:\msys64\mingw64\bin\;D:\py_code_workspace\Git\cmd;D:\jdk-25.0.1.8-hotspot\bin;D:\apache-maven-3.9.12-bin\apache-maven-3.9.12\bin;C:\Users\Mahesh\AppData\Local\Programs\Python\Python312\Scripts\;C:\Users\Mahesh\AppData\Local\Programs\Python\Python312\;D:\py_code_workspace\.venv\Scripts;D:\py_code_workspace\.venv\Scripts\python.exe;C:\Users\Mahesh\AppData\Local\Microsoft\WindowsApps;C:\Users\Mahesh\AppData\Local\Programs\Microsoft VS Code\bin;d:\JetBrains\PyCharm Community Edition 2024.1.4\bin;;C:\Users\Mahesh\AppData\Roaming\npm;d:\Redis;C:\msys64\mingw64\bin\;D:\Antigravity\bin;.
[DEBUG] java.runtime.name: OpenJDK Runtime Environment
[DEBUG] java.runtime.version: 25.0.1+8-LTS
[DEBUG] java.specification.name: Java Platform API Specification
[DEBUG] java.specification.vendor: Oracle Corporation
[DEBUG] java.specification.version: 25
[DEBUG] java.vendor: Eclipse Adoptium
[DEBUG] java.vendor.url: https://adoptium.net/
[DEBUG] java.vendor.url.bug: https://github.com/adoptium/adoptium-support/issues
[DEBUG] java.vendor.version: Temurin-25.0.1+8
[DEBUG] java.version: 25.0.1
[DEBUG] java.version.date: 2025-10-21
[DEBUG] java.vm.compressedOopsMode: Zero based
[DEBUG] java.vm.info: mixed mode, sharing
[DEBUG] java.vm.name: OpenJDK 64-Bit Server VM
[DEBUG] java.vm.specification.name: Java Virtual Machine Specification
[DEBUG] java.vm.specification.vendor: Oracle Corporation
[DEBUG] java.vm.specification.version: 25
[DEBUG] java.vm.vendor: Eclipse Adoptium
[DEBUG] java.vm.version: 25.0.1+8-LTS
[DEBUG] jdk.debug: release
[DEBUG] library.jansi.path: D:\apache-maven-3.9.12-bin\apache-maven-3.9.12\lib\jansi-native
[DEBUG] line.separator: 

[DEBUG] maven.build.timestamp: 2026-01-05T17:47:50Z
[DEBUG] maven.build.version: Apache Maven 3.9.12 (848fbb4bf2d427b72bdb2471c22fced7ebd9a7a1)
[DEBUG] maven.compiler.source: 21
[DEBUG] maven.compiler.target: 21
[DEBUG] maven.conf: D:\apache-maven-3.9.12-bin\apache-maven-3.9.12/conf
[DEBUG] maven.home: D:\apache-maven-3.9.12-bin\apache-maven-3.9.12
[DEBUG] maven.multiModuleProjectDirectory: D:\Java_CompleteProject\Java_CompleteSystem
[DEBUG] maven.version: 3.9.12
[DEBUG] native.encoding: Cp1252
[DEBUG] os.arch: amd64
[DEBUG] os.detected.arch: x86_64
[DEBUG] os.detected.bitness: 64
[DEBUG] os.detected.classifier: windows-x86_64
[DEBUG] os.detected.name: windows
[DEBUG] os.name: Windows 11
[DEBUG] os.version: 10.0
[DEBUG] path.separator: ;
[DEBUG] project.baseUri: file:/D:/Java_CompleteProject/Java_CompleteSystem/ats-core/
[DEBUG] project.build.sourceEncoding: UTF-8
[DEBUG] skipTests: true
[DEBUG] stderr.encoding: cp437
[DEBUG] stdin.encoding: cp437
[DEBUG] stdout.encoding: Cp1252
[DEBUG] sun.arch.data.model: 64
[DEBUG] sun.boot.library.path: D:\jdk-25.0.1.8-hotspot\bin
[DEBUG] sun.cpu.endian: little
[DEBUG] sun.cpu.isalist: amd64
[DEBUG] sun.io.unicode.encoding: UnicodeLittle
[DEBUG] sun.java.command: org.codehaus.plexus.classworlds.launcher.Launcher -pl ats-core -am clean compile -DskipTests -e -X
[DEBUG] sun.java.launcher: SUN_STANDARD
[DEBUG] sun.jnu.encoding: Cp1252
[DEBUG] sun.management.compiler: HotSpot 64-Bit Tiered Compilers
[DEBUG] sun.os.patch.level: 
[DEBUG] user.country: IN
[DEBUG] user.dir: D:\Java_CompleteProject\Java_CompleteSystem
[DEBUG] user.home: C:\Users\Mahesh
[DEBUG] user.language: en
[DEBUG] user.name: Mahesh
[DEBUG] user.script: 
[DEBUG] user.variant: 
[DEBUG] Using 'UTF-8' encoding to copy filtered resources.
[DEBUG] Using 'UTF-8' encoding to copy filtered properties files.
[DEBUG] resource with targetPath null
directory D:\Java_CompleteProject\Java_CompleteSystem\ats-core\src\main\resources
excludes []
includes []
[DEBUG] ignoreDelta true
[INFO] Copying 17 resources from src\main\resources to target\classes
[DEBUG] Copying file config.properties.example
[DEBUG] file config.properties.example has a filtered file extension
[DEBUG] Using 'UTF-8' encoding to copy filtered resource 'config.properties.example'.
[DEBUG] copy D:\Java_CompleteProject\Java_CompleteSystem\ats-core\src\main\resources\config.properties.example to D:\Java_CompleteProject\Java_CompleteSystem\ats-core\target\classes\config.properties.example
[DEBUG] Copying file data\generated_data.json.gz
[DEBUG] file generated_data.json.gz has a filtered file extension
[DEBUG] Using 'UTF-8' encoding to copy filtered resource 'generated_data.json.gz'.
[DEBUG] copy D:\Java_CompleteProject\Java_CompleteSystem\ats-core\src\main\resources\data\generated_data.json.gz to D:\Java_CompleteProject\Java_CompleteSystem\ats-core\target\classes\data\generated_data.json.gz
[DEBUG] Copying file data\NSE_EQ_INE027H01010_data.json.json.gz
[DEBUG] file NSE_EQ_INE027H01010_data.json.json.gz has a filtered file extension
[DEBUG] Using 'UTF-8' encoding to copy filtered resource 'NSE_EQ_INE027H01010_data.json.json.gz'.
[DEBUG] copy D:\Java_CompleteProject\Java_CompleteSystem\ats-core\src\main\resources\data\NSE_EQ_INE027H01010_data.json.json.gz to D:\Java_CompleteProject\Java_CompleteSystem\ats-core\target\classes\data\NSE_EQ_INE027H01010_data.json.json.gz
[DEBUG] Copying file data\NSE_EQ_INE118H01025_data.json.json.gz
[DEBUG] file NSE_EQ_INE118H01025_data.json.json.gz has a filtered file extension
[DEBUG] Using 'UTF-8' encoding to copy filtered resource 'NSE_EQ_INE118H01025_data.json.json.gz'.
[DEBUG] copy D:\Java_CompleteProject\Java_CompleteSystem\ats-core\src\main\resources\data\NSE_EQ_INE118H01025_data.json.json.gz to D:\Java_CompleteProject\Java_CompleteSystem\ats-core\target\classes\data\NSE_EQ_INE118H01025_data.json.json.gz
[DEBUG] Copying file data\NSE_EQ_INE465A01025_data.json.json.gz
[DEBUG] file NSE_EQ_INE465A01025_data.json.json.gz has a filtered file extension
[DEBUG] Using 'UTF-8' encoding to copy filtered resource 'NSE_EQ_INE465A01025_data.json.json.gz'.
[DEBUG] copy D:\Java_CompleteProject\Java_CompleteSystem\ats-core\src\main\resources\data\NSE_EQ_INE465A01025_data.json.json.gz to D:\Java_CompleteProject\Java_CompleteSystem\ats-core\target\classes\data\NSE_EQ_INE465A01025_data.json.json.gz
[DEBUG] Copying file data\NSE_EQ_INE811K01011_data.json.json.gz
[DEBUG] file NSE_EQ_INE811K01011_data.json.json.gz has a filtered file extension
[DEBUG] Using 'UTF-8' encoding to copy filtered resource 'NSE_EQ_INE811K01011_data.json.json.gz'.
[DEBUG] copy D:\Java_CompleteProject\Java_CompleteSystem\ats-core\src\main\resources\data\NSE_EQ_INE811K01011_data.json.json.gz to D:\Java_CompleteProject\Java_CompleteSystem\ats-core\target\classes\data\NSE_EQ_INE811K01011_data.json.json.gz
[DEBUG] Copying file data\NSE_FO_51414_data.json.json.gz
[DEBUG] file NSE_FO_51414_data.json.json.gz has a filtered file extension
[DEBUG] Using 'UTF-8' encoding to copy filtered resource 'NSE_FO_51414_data.json.json.gz'.
[DEBUG] copy D:\Java_CompleteProject\Java_CompleteSystem\ats-core\src\main\resources\data\NSE_FO_51414_data.json.json.gz to D:\Java_CompleteProject\Java_CompleteSystem\ats-core\target\classes\data\NSE_FO_51414_data.json.json.gz
[DEBUG] Copying file data\NSE_FO_51420_data.json.json.gz
[DEBUG] file NSE_FO_51420_data.json.json.gz has a filtered file extension
[DEBUG] Using 'UTF-8' encoding to copy filtered resource 'NSE_FO_51420_data.json.json.gz'.
[DEBUG] copy D:\Java_CompleteProject\Java_CompleteSystem\ats-core\src\main\resources\data\NSE_FO_51420_data.json.json.gz to D:\Java_CompleteProject\Java_CompleteSystem\ats-core\target\classes\data\NSE_FO_51420_data.json.json.gz
[DEBUG] Copying file data\NSE_FO_51460_data.json.json.gz
[DEBUG] file NSE_FO_51460_data.json.json.gz has a filtered file extension
[DEBUG] Using 'UTF-8' encoding to copy filtered resource 'NSE_FO_51460_data.json.json.gz'.
[DEBUG] copy D:\Java_CompleteProject\Java_CompleteSystem\ats-core\src\main\resources\data\NSE_FO_51460_data.json.json.gz to D:\Java_CompleteProject\Java_CompleteSystem\ats-core\target\classes\data\NSE_FO_51460_data.json.json.gz
[DEBUG] Copying file data\NSE_FO_51461_data.json.json.gz
[DEBUG] file NSE_FO_51461_data.json.json.gz has a filtered file extension
[DEBUG] Using 'UTF-8' encoding to copy filtered resource 'NSE_FO_51461_data.json.json.gz'.
[DEBUG] copy D:\Java_CompleteProject\Java_CompleteSystem\ats-core\src\main\resources\data\NSE_FO_51461_data.json.json.gz to D:\Java_CompleteProject\Java_CompleteSystem\ats-core\target\classes\data\NSE_FO_51461_data.json.json.gz
[DEBUG] Copying file data\NSE_FO_51498_data.json.json.gz
[DEBUG] file NSE_FO_51498_data.json.json.gz has a filtered file extension
[DEBUG] Using 'UTF-8' encoding to copy filtered resource 'NSE_FO_51498_data.json.json.gz'.
[DEBUG] copy D:\Java_CompleteProject\Java_CompleteSystem\ats-core\src\main\resources\data\NSE_FO_51498_data.json.json.gz to D:\Java_CompleteProject\Java_CompleteSystem\ats-core\target\classes\data\NSE_FO_51498_data.json.json.gz
[DEBUG] Copying file data\NSE_FO_51502_data.json.json.gz
[DEBUG] file NSE_FO_51502_data.json.json.gz has a filtered file extension
[DEBUG] Using 'UTF-8' encoding to copy filtered resource 'NSE_FO_51502_data.json.json.gz'.
[DEBUG] copy D:\Java_CompleteProject\Java_CompleteSystem\ats-core\src\main\resources\data\NSE_FO_51502_data.json.json.gz to D:\Java_CompleteProject\Java_CompleteSystem\ats-core\target\classes\data\NSE_FO_51502_data.json.json.gz
[DEBUG] Copying file data\NSE_FO_51507_data.json.json.gz
[DEBUG] file NSE_FO_51507_data.json.json.gz has a filtered file extension
[DEBUG] Using 'UTF-8' encoding to copy filtered resource 'NSE_FO_51507_data.json.json.gz'.
[DEBUG] copy D:\Java_CompleteProject\Java_CompleteSystem\ats-core\src\main\resources\data\NSE_FO_51507_data.json.json.gz to D:\Java_CompleteProject\Java_CompleteSystem\ats-core\target\classes\data\NSE_FO_51507_data.json.json.gz
[DEBUG] Copying file data\NSE_FO_51510_data.json.json.gz
[DEBUG] file NSE_FO_51510_data.json.json.gz has a filtered file extension
[DEBUG] Using 'UTF-8' encoding to copy filtered resource 'NSE_FO_51510_data.json.json.gz'.
[DEBUG] copy D:\Java_CompleteProject\Java_CompleteSystem\ats-core\src\main\resources\data\NSE_FO_51510_data.json.json.gz to D:\Java_CompleteProject\Java_CompleteSystem\ats-core\target\classes\data\NSE_FO_51510_data.json.json.gz
[DEBUG] Copying file data\NSE_FO_60166_data.json.json.gz
[DEBUG] file NSE_FO_60166_data.json.json.gz has a filtered file extension
[DEBUG] Using 'UTF-8' encoding to copy filtered resource 'NSE_FO_60166_data.json.json.gz'.
[DEBUG] copy D:\Java_CompleteProject\Java_CompleteSystem\ats-core\src\main\resources\data\NSE_FO_60166_data.json.json.gz to D:\Java_CompleteProject\Java_CompleteSystem\ats-core\target\classes\data\NSE_FO_60166_data.json.json.gz
[DEBUG] Copying file IndexWeights.json
[DEBUG] file IndexWeights.json has a filtered file extension
[DEBUG] Using 'UTF-8' encoding to copy filtered resource 'IndexWeights.json'.
[DEBUG] copy D:\Java_CompleteProject\Java_CompleteSystem\ats-core\src\main\resources\IndexWeights.json to D:\Java_CompleteProject\Java_CompleteSystem\ats-core\target\classes\IndexWeights.json
[DEBUG] Copying file instrument-master.json
[DEBUG] file instrument-master.json has a filtered file extension
[DEBUG] Using 'UTF-8' encoding to copy filtered resource 'instrument-master.json'.
[DEBUG] copy D:\Java_CompleteProject\Java_CompleteSystem\ats-core\src\main\resources\instrument-master.json to D:\Java_CompleteProject\Java_CompleteSystem\ats-core\target\classes\instrument-master.json
[DEBUG] resource with targetPath null
directory D:\Java_CompleteProject\Java_CompleteSystem\ats-core\src\main\proto
excludes []
includes [**/*.proto]
[DEBUG] ignoreDelta true
[INFO] Copying 1 resource from src\main\proto to target\classes
[DEBUG] Copying file MarketDataFeed.proto
[DEBUG] file MarketDataFeed.proto has a filtered file extension
[DEBUG] Using 'UTF-8' encoding to copy filtered resource 'MarketDataFeed.proto'.
[DEBUG] copy D:\Java_CompleteProject\Java_CompleteSystem\ats-core\src\main\proto\MarketDataFeed.proto to D:\Java_CompleteProject\Java_CompleteSystem\ats-core\target\classes\MarketDataFeed.proto
[DEBUG] resource with targetPath null
directory D:\Java_CompleteProject\Java_CompleteSystem\ats-core\src\main\proto
excludes []
includes [**/*.proto]
[DEBUG] ignoreDelta true
[INFO] Copying 1 resource from src\main\proto to target\classes
[DEBUG] Copying file MarketDataFeed.proto
[DEBUG] file MarketDataFeed.proto has a filtered file extension
[DEBUG] Using 'UTF-8' encoding to copy filtered resource 'MarketDataFeed.proto'.
[DEBUG] copy D:\Java_CompleteProject\Java_CompleteSystem\ats-core\src\main\proto\MarketDataFeed.proto to D:\Java_CompleteProject\Java_CompleteSystem\ats-core\target\classes\MarketDataFeed.proto
[DEBUG] no user filter components
[INFO] 
[INFO] --- compiler:3.11.0:compile (default-compile) @ ats-core ---
[DEBUG] Dependency collection stats {ConflictMarker.analyzeTime=33200, ConflictMarker.markTime=20900, ConflictMarker.nodeCount=17, ConflictIdSorter.graphTime=16900, ConflictIdSorter.topsortTime=10400, ConflictIdSorter.conflictIdCount=12, ConflictIdSorter.conflictIdCycleCount=0, ConflictResolver.totalTime=135100, ConflictResolver.conflictItemCount=17, DfDependencyCollector.collectTime=39197100, DfDependencyCollector.transformTime=231300}
[DEBUG] org.apache.maven.plugins:maven-compiler-plugin:jar:3.11.0
[DEBUG]    org.apache.maven.shared:maven-shared-utils:jar:3.3.4:compile
[DEBUG]       commons-io:commons-io:jar:2.6:compile
[DEBUG]    org.apache.maven.shared:maven-shared-incremental:jar:1.1:compile
[DEBUG]       org.codehaus.plexus:plexus-component-annotations:jar:1.5.5:compile
[DEBUG]    org.codehaus.plexus:plexus-java:jar:1.1.2:compile
[DEBUG]       org.ow2.asm:asm:jar:9.4:compile
[DEBUG]       com.thoughtworks.qdox:qdox:jar:2.0.3:compile (version managed from default)
[DEBUG]    org.codehaus.plexus:plexus-compiler-api:jar:2.13.0:compile
[DEBUG]       org.codehaus.plexus:plexus-utils:jar:3.5.0:compile (version managed from default)
[DEBUG]    org.codehaus.plexus:plexus-compiler-manager:jar:2.13.0:compile
[DEBUG]    org.codehaus.plexus:plexus-compiler-javac:jar:2.13.0:runtime
[DEBUG] Created new class realm plugin>org.apache.maven.plugins:maven-compiler-plugin:3.11.0
[DEBUG] Importing foreign packages into class realm plugin>org.apache.maven.plugins:maven-compiler-plugin:3.11.0
[DEBUG]   Imported:  < project>com.trading.hf:hf-ats-parent:1.0-SNAPSHOT
[DEBUG] Populating class realm plugin>org.apache.maven.plugins:maven-compiler-plugin:3.11.0
[DEBUG]   Included: org.apache.maven.plugins:maven-compiler-plugin:jar:3.11.0
[DEBUG]   Included: org.apache.maven.shared:maven-shared-utils:jar:3.3.4
[DEBUG]   Included: commons-io:commons-io:jar:2.6
[DEBUG]   Included: org.apache.maven.shared:maven-shared-incremental:jar:1.1
[DEBUG]   Included: org.codehaus.plexus:plexus-component-annotations:jar:1.5.5
[DEBUG]   Included: org.codehaus.plexus:plexus-java:jar:1.1.2
[DEBUG]   Included: org.ow2.asm:asm:jar:9.4
[DEBUG]   Included: com.thoughtworks.qdox:qdox:jar:2.0.3
[DEBUG]   Included: org.codehaus.plexus:plexus-compiler-api:jar:2.13.0
[DEBUG]   Included: org.codehaus.plexus:plexus-utils:jar:3.5.0
[DEBUG]   Included: org.codehaus.plexus:plexus-compiler-manager:jar:2.13.0
[DEBUG]   Included: org.codehaus.plexus:plexus-compiler-javac:jar:2.13.0
[DEBUG] Loading mojo org.apache.maven.plugins:maven-compiler-plugin:3.11.0:compile from plugin realm ClassRealm[plugin>org.apache.maven.plugins:maven-compiler-plugin:3.11.0, parent: jdk.internal.loader.ClassLoaders$AppClassLoader@1affbebc]
[DEBUG] Configuring mojo execution 'org.apache.maven.plugins:maven-compiler-plugin:3.11.0:compile:default-compile' with basic configurator -->
[DEBUG]   (f) basedir = D:\Java_CompleteProject\Java_CompleteSystem\ats-core
[DEBUG]   (f) buildDirectory = D:\Java_CompleteProject\Java_CompleteSystem\ats-core\target
[DEBUG]   (f) compilePath = [D:\Java_CompleteProject\Java_CompleteSystem\ats-core\target\classes, D:\apache-maven-3.9.12-bin\.m2\repo\com\lmax\disruptor\4.0.0\disruptor-4.0.0.jar, D:\apache-maven-3.9.12-bin\.m2\repo\com\upstox\api\upstox-java-sdk\1.19\upstox-java-sdk-1.19.jar, D:\apache-maven-3.9.12-bin\.m2\repo\io\swagger\core\v3\swagger-annotations\2.0.0\swagger-annotations-2.0.0.jar, D:\apache-maven-3.9.12-bin\.m2\repo\com\squareup\okhttp\okhttp\2.7.5\okhttp-2.7.5.jar, D:\apache-maven-3.9.12-bin\.m2\repo\com\squareup\okio\okio\1.6.0\okio-1.6.0.jar, D:\apache-maven-3.9.12-bin\.m2\repo\com\squareup\okhttp\logging-interceptor\2.7.5\logging-interceptor-2.7.5.jar, D:\apache-maven-3.9.12-bin\.m2\repo\io\gsonfire\gson-fire\1.8.3\gson-fire-1.8.3.jar, D:\apache-maven-3.9.12-bin\.m2\repo\org\threeten\threetenbp\1.3.5\threetenbp-1.3.5.jar, D:\apache-maven-3.9.12-bin\.m2\repo\javax\annotation\javax.annotation-api\1.3.2\javax.annotation-api-1.3.2.jar, D:\apache-maven-3.9.12-bin\.m2\repo\com\google\protobuf\protobuf-java-util\3.14.0\protobuf-java-util-3.14.0.jar, D:\apache-maven-3.9.12-bin\.m2\repo\com\google\guava\guava\29.0-android\guava-29.0-android.jar, D:\apache-maven-3.9.12-bin\.m2\repo\com\google\guava\failureaccess\1.0.1\failureaccess-1.0.1.jar, D:\apache-maven-3.9.12-bin\.m2\repo\com\google\guava\listenablefuture\9999.0-empty-to-avoid-conflict-with-guava\listenablefuture-9999.0-empty-to-avoid-conflict-with-guava.jar, D:\apache-maven-3.9.12-bin\.m2\repo\com\google\code\findbugs\jsr305\3.0.2\jsr305-3.0.2.jar, D:\apache-maven-3.9.12-bin\.m2\repo\org\checkerframework\checker-compat-qual\2.5.5\checker-compat-qual-2.5.5.jar, D:\apache-maven-3.9.12-bin\.m2\repo\com\google\j2objc\j2objc-annotations\1.3\j2objc-annotations-1.3.jar, D:\apache-maven-3.9.12-bin\.m2\repo\com\google\errorprone\error_prone_annotations\2.3.4\error_prone_annotations-2.3.4.jar, D:\apache-maven-3.9.12-bin\.m2\repo\ch\qos\logback\logback-classic\1.2.3\logback-classic-1.2.3.jar, D:\apache-maven-3.9.12-bin\.m2\repo\ch\qos\logback\logback-core\1.2.3\logback-core-1.2.3.jar, D:\apache-maven-3.9.12-bin\.m2\repo\com\google\protobuf\protobuf-java\3.25.3\protobuf-java-3.25.3.jar, D:\apache-maven-3.9.12-bin\.m2\repo\org\json\json\20231013\json-20231013.jar, D:\apache-maven-3.9.12-bin\.m2\repo\com\google\code\gson\gson\2.10.1\gson-2.10.1.jar, D:\apache-maven-3.9.12-bin\.m2\repo\org\slf4j\slf4j-api\2.0.13\slf4j-api-2.0.13.jar, D:\apache-maven-3.9.12-bin\.m2\repo\org\slf4j\slf4j-simple\2.0.13\slf4j-simple-2.0.13.jar, D:\apache-maven-3.9.12-bin\.m2\repo\org\java-websocket\Java-WebSocket\1.5.3\Java-WebSocket-1.5.3.jar]
[DEBUG]   (f) compileSourceRoots = [D:\Java_CompleteProject\Java_CompleteSystem\ats-core\src\main\java, D:\Java_CompleteProject\Java_CompleteSystem\ats-core\target\generated-sources\protobuf\java, D:\Java_CompleteProject\Java_CompleteSystem\ats-core\target\generated-sources\protobuf\grpc-java]
[DEBUG]   (f) compilerId = javac
[DEBUG]   (f) createMissingPackageInfoClass = true
[DEBUG]   (f) debug = true
[DEBUG]   (f) debugFileName = javac
[DEBUG]   (f) enablePreview = false
[DEBUG]   (f) encoding = UTF-8
[DEBUG]   (f) failOnError = true
[DEBUG]   (f) failOnWarning = false
[DEBUG]   (f) forceJavacCompilerUse = false
[DEBUG]   (f) fork = false
[DEBUG]   (f) generatedSourcesDirectory = D:\Java_CompleteProject\Java_CompleteSystem\ats-core\target\generated-sources\annotations
[DEBUG]   (f) mojoExecution = org.apache.maven.plugins:maven-compiler-plugin:3.11.0:compile {execution: default-compile}
[DEBUG]   (f) optimize = false
[DEBUG]   (f) outputDirectory = D:\Java_CompleteProject\Java_CompleteSystem\ats-core\target\classes
[DEBUG]   (f) parameters = false
[DEBUG]   (f) project = MavenProject: com.trading.hf:ats-core:1.0-SNAPSHOT @ D:\Java_CompleteProject\Java_CompleteSystem\ats-core\pom.xml
[DEBUG]   (f) projectArtifact = com.trading.hf:ats-core:jar:1.0-SNAPSHOT
[DEBUG]   (f) session = org.apache.maven.execution.MavenSession@4cfa8227
[DEBUG]   (f) showCompilationChanges = false
[DEBUG]   (f) showDeprecation = false
[DEBUG]   (f) showWarnings = true
[DEBUG]   (f) skipMultiThreadWarning = false
[DEBUG]   (f) source = 21
[DEBUG]   (f) staleMillis = 0
[DEBUG]   (s) target = 21
[DEBUG]   (f) useIncrementalCompilation = true
[DEBUG]   (f) verbose = false
[DEBUG] -- end configuration --
[DEBUG] Using compiler 'javac'.
[DEBUG] Adding D:\Java_CompleteProject\Java_CompleteSystem\ats-core\target\generated-sources\annotations to compile source roots:
  D:\Java_CompleteProject\Java_CompleteSystem\ats-core\src\main\java
  D:\Java_CompleteProject\Java_CompleteSystem\ats-core\target\generated-sources\protobuf\java
  D:\Java_CompleteProject\Java_CompleteSystem\ats-core\target\generated-sources\protobuf\grpc-java
[DEBUG] New compile source roots:
  D:\Java_CompleteProject\Java_CompleteSystem\ats-core\src\main\java
  D:\Java_CompleteProject\Java_CompleteSystem\ats-core\target\generated-sources\protobuf\java
  D:\Java_CompleteProject\Java_CompleteSystem\ats-core\target\generated-sources\protobuf\grpc-java
  D:\Java_CompleteProject\Java_CompleteSystem\ats-core\target\generated-sources\annotations
[DEBUG] CompilerReuseStrategy: reuseCreated
[DEBUG] useIncrementalCompilation enabled
[DEBUG] Stale source detected: D:\Java_CompleteProject\Java_CompleteSystem\ats-core\src\main\java\com\trading\hf\SignalEngine.java
[DEBUG] Stale source detected: D:\Java_CompleteProject\Java_CompleteSystem\ats-core\src\main\java\com\trading\hf\MySampleDataReplayer.java
[DEBUG] Stale source detected: D:\Java_CompleteProject\Java_CompleteSystem\ats-core\src\main\java\com\trading\hf\MarketDataReplayer.java
[DEBUG] Stale source detected: D:\Java_CompleteProject\Java_CompleteSystem\ats-core\src\main\java\com\trading\hf\MarketBreadthEngine.java
[DEBUG] Stale source detected: D:\Java_CompleteProject\Java_CompleteSystem\ats-core\src\main\java\com\trading\hf\RawFeedEvent.java
[DEBUG] Stale source detected: D:\Java_CompleteProject\Java_CompleteSystem\ats-core\src\main\java\com\trading\hf\AuctionProfileCalculator.java
[DEBUG] Stale source detected: D:\Java_CompleteProject\Java_CompleteSystem\ats-core\src\main\java\com\trading\hf\IndexWeightCalculator.java
[DEBUG] Stale source detected: D:\Java_CompleteProject\Java_CompleteSystem\ats-core\src\main\java\com\trading\hf\VolumeBarGenerator.java
[DEBUG] Stale source detected: D:\Java_CompleteProject\Java_CompleteSystem\ats-core\src\main\java\com\trading\hf\ThetaExitGuard.java
[DEBUG] Stale source detected: D:\Java_CompleteProject\Java_CompleteSystem\ats-core\src\main\java\com\trading\hf\DynamicStrikeSubscriber.java
[DEBUG] Stale source detected: D:\Java_CompleteProject\Java_CompleteSystem\ats-core\src\main\java\com\trading\hf\SampleDataReplayer.java
[DEBUG] Stale source detected: D:\Java_CompleteProject\Java_CompleteSystem\ats-core\src\main\java\com\trading\hf\TVMarketDataStreamer.java
[DEBUG] Stale source detected: D:\Java_CompleteProject\Java_CompleteSystem\ats-core\src\main\java\com\trading\hf\IDataReplayer.java
[DEBUG] Stale source detected: D:\Java_CompleteProject\Java_CompleteSystem\ats-core\src\main\java\com\trading\hf\SymbolUtil.java
[DEBUG] Stale source detected: D:\Java_CompleteProject\Java_CompleteSystem\ats-core\src\main\java\com\trading\hf\TechnicalIndicators.java
[DEBUG] Stale source detected: D:\Java_CompleteProject\Java_CompleteSystem\ats-core\src\main\java\com\trading\hf\Position.java
[DEBUG] Stale source detected: D:\Java_CompleteProject\Java_CompleteSystem\ats-core\src\main\java\com\trading\hf\OptionChainProvider.java
[DEBUG] Stale source detected: D:\Java_CompleteProject\Java_CompleteSystem\ats-core\src\main\java\com\trading\hf\InstrumentMaster.java
[DEBUG] Stale source detected: D:\Java_CompleteProject\Java_CompleteSystem\ats-core\src\main\java\com\trading\hf\VolumeBar.java
[DEBUG] Stale source detected: D:\Java_CompleteProject\Java_CompleteSystem\ats-core\src\main\java\com\trading\hf\DisruptorManager.java
[DEBUG] Stale source detected: D:\Java_CompleteProject\Java_CompleteSystem\ats-core\src\main\java\com\trading\hf\MarketEvent.java
[DEBUG] Stale source detected: D:\Java_CompleteProject\Java_CompleteSystem\ats-core\src\main\java\com\trading\hf\ScalpingSignalEngine.java
[DEBUG] Stale source detected: D:\Java_CompleteProject\Java_CompleteSystem\ats-core\src\main\java\com\trading\hf\ConfigLoader.java
[DEBUG] Stale source detected: D:\Java_CompleteProject\Java_CompleteSystem\ats-core\src\main\java\com\trading\hf\UpstoxOrderManager.java
[DEBUG] Stale source detected: D:\Java_CompleteProject\Java_CompleteSystem\ats-core\target\generated-sources\protobuf\java\com\upstox\marketdatafeederv3udapi\rpc\proto\MarketDataFeed.java
[DEBUG] Stale source detected: D:\Java_CompleteProject\Java_CompleteSystem\ats-core\src\main\java\com\trading\hf\PositionManager.java
[DEBUG] Stale source detected: D:\Java_CompleteProject\Java_CompleteSystem\ats-core\src\main\java\com\trading\hf\RawFeedWriter.java
[DEBUG] Stale source detected: D:\Java_CompleteProject\Java_CompleteSystem\ats-core\src\main\java\com\trading\hf\OptionChainDto.java
[DEBUG] Stale source detected: D:\Java_CompleteProject\Java_CompleteSystem\ats-core\src\main\java\com\trading\hf\UpstoxMarketDataStreamer.java
[INFO] Changes detected - recompiling the module! :source
[DEBUG] Classpath:
[DEBUG]  D:\Java_CompleteProject\Java_CompleteSystem\ats-core\target\classes
[DEBUG]  D:\apache-maven-3.9.12-bin\.m2\repo\com\lmax\disruptor\4.0.0\disruptor-4.0.0.jar
[DEBUG]  D:\apache-maven-3.9.12-bin\.m2\repo\com\upstox\api\upstox-java-sdk\1.19\upstox-java-sdk-1.19.jar
[DEBUG]  D:\apache-maven-3.9.12-bin\.m2\repo\io\swagger\core\v3\swagger-annotations\2.0.0\swagger-annotations-2.0.0.jar
[DEBUG]  D:\apache-maven-3.9.12-bin\.m2\repo\com\squareup\okhttp\okhttp\2.7.5\okhttp-2.7.5.jar
[DEBUG]  D:\apache-maven-3.9.12-bin\.m2\repo\com\squareup\okio\okio\1.6.0\okio-1.6.0.jar
[DEBUG]  D:\apache-maven-3.9.12-bin\.m2\repo\com\squareup\okhttp\logging-interceptor\2.7.5\logging-interceptor-2.7.5.jar
[DEBUG]  D:\apache-maven-3.9.12-bin\.m2\repo\io\gsonfire\gson-fire\1.8.3\gson-fire-1.8.3.jar
[DEBUG]  D:\apache-maven-3.9.12-bin\.m2\repo\org\threeten\threetenbp\1.3.5\threetenbp-1.3.5.jar
[DEBUG]  D:\apache-maven-3.9.12-bin\.m2\repo\javax\annotation\javax.annotation-api\1.3.2\javax.annotation-api-1.3.2.jar
[DEBUG]  D:\apache-maven-3.9.12-bin\.m2\repo\com\google\protobuf\protobuf-java-util\3.14.0\protobuf-java-util-3.14.0.jar
[DEBUG]  D:\apache-maven-3.9.12-bin\.m2\repo\com\google\guava\guava\29.0-android\guava-29.0-android.jar
[DEBUG]  D:\apache-maven-3.9.12-bin\.m2\repo\com\google\guava\failureaccess\1.0.1\failureaccess-1.0.1.jar
[DEBUG]  D:\apache-maven-3.9.12-bin\.m2\repo\com\google\guava\listenablefuture\9999.0-empty-to-avoid-conflict-with-guava\listenablefuture-9999.0-empty-to-avoid-conflict-with-guava.jar
[DEBUG]  D:\apache-maven-3.9.12-bin\.m2\repo\com\google\code\findbugs\jsr305\3.0.2\jsr305-3.0.2.jar
[DEBUG]  D:\apache-maven-3.9.12-bin\.m2\repo\org\checkerframework\checker-compat-qual\2.5.5\checker-compat-qual-2.5.5.jar
[DEBUG]  D:\apache-maven-3.9.12-bin\.m2\repo\com\google\j2objc\j2objc-annotations\1.3\j2objc-annotations-1.3.jar
[DEBUG]  D:\apache-maven-3.9.12-bin\.m2\repo\com\google\errorprone\error_prone_annotations\2.3.4\error_prone_annotations-2.3.4.jar
[DEBUG]  D:\apache-maven-3.9.12-bin\.m2\repo\ch\qos\logback\logback-classic\1.2.3\logback-classic-1.2.3.jar
[DEBUG]  D:\apache-maven-3.9.12-bin\.m2\repo\ch\qos\logback\logback-core\1.2.3\logback-core-1.2.3.jar
[DEBUG]  D:\apache-maven-3.9.12-bin\.m2\repo\com\google\protobuf\protobuf-java\3.25.3\protobuf-java-3.25.3.jar
[DEBUG]  D:\apache-maven-3.9.12-bin\.m2\repo\org\json\json\20231013\json-20231013.jar
[DEBUG]  D:\apache-maven-3.9.12-bin\.m2\repo\com\google\code\gson\gson\2.10.1\gson-2.10.1.jar
[DEBUG]  D:\apache-maven-3.9.12-bin\.m2\repo\org\slf4j\slf4j-api\2.0.13\slf4j-api-2.0.13.jar
[DEBUG]  D:\apache-maven-3.9.12-bin\.m2\repo\org\slf4j\slf4j-simple\2.0.13\slf4j-simple-2.0.13.jar
[DEBUG]  D:\apache-maven-3.9.12-bin\.m2\repo\org\java-websocket\Java-WebSocket\1.5.3\Java-WebSocket-1.5.3.jar
[DEBUG] Source roots:
[DEBUG]  D:\Java_CompleteProject\Java_CompleteSystem\ats-core\src\main\java
[DEBUG]  D:\Java_CompleteProject\Java_CompleteSystem\ats-core\target\generated-sources\protobuf\java
[DEBUG]  D:\Java_CompleteProject\Java_CompleteSystem\ats-core\target\generated-sources\protobuf\grpc-java
[DEBUG]  D:\Java_CompleteProject\Java_CompleteSystem\ats-core\target\generated-sources\annotations
[DEBUG] Command line options:
[DEBUG] -d D:\Java_CompleteProject\Java_CompleteSystem\ats-core\target\classes -classpath D:\Java_CompleteProject\Java_CompleteSystem\ats-core\target\classes;D:\apache-maven-3.9.12-bin\.m2\repo\com\lmax\disruptor\4.0.0\disruptor-4.0.0.jar;D:\apache-maven-3.9.12-bin\.m2\repo\com\upstox\api\upstox-java-sdk\1.19\upstox-java-sdk-1.19.jar;D:\apache-maven-3.9.12-bin\.m2\repo\io\swagger\core\v3\swagger-annotations\2.0.0\swagger-annotations-2.0.0.jar;D:\apache-maven-3.9.12-bin\.m2\repo\com\squareup\okhttp\okhttp\2.7.5\okhttp-2.7.5.jar;D:\apache-maven-3.9.12-bin\.m2\repo\com\squareup\okio\okio\1.6.0\okio-1.6.0.jar;D:\apache-maven-3.9.12-bin\.m2\repo\com\squareup\okhttp\logging-interceptor\2.7.5\logging-interceptor-2.7.5.jar;D:\apache-maven-3.9.12-bin\.m2\repo\io\gsonfire\gson-fire\1.8.3\gson-fire-1.8.3.jar;D:\apache-maven-3.9.12-bin\.m2\repo\org\threeten\threetenbp\1.3.5\threetenbp-1.3.5.jar;D:\apache-maven-3.9.12-bin\.m2\repo\javax\annotation\javax.annotation-api\1.3.2\javax.annotation-api-1.3.2.jar;D:\apache-maven-3.9.12-bin\.m2\repo\com\google\protobuf\protobuf-java-util\3.14.0\protobuf-java-util-3.14.0.jar;D:\apache-maven-3.9.12-bin\.m2\repo\com\google\guava\guava\29.0-android\guava-29.0-android.jar;D:\apache-maven-3.9.12-bin\.m2\repo\com\google\guava\failureaccess\1.0.1\failureaccess-1.0.1.jar;D:\apache-maven-3.9.12-bin\.m2\repo\com\google\guava\listenablefuture\9999.0-empty-to-avoid-conflict-with-guava\listenablefuture-9999.0-empty-to-avoid-conflict-with-guava.jar;D:\apache-maven-3.9.12-bin\.m2\repo\com\google\code\findbugs\jsr305\3.0.2\jsr305-3.0.2.jar;D:\apache-maven-3.9.12-bin\.m2\repo\org\checkerframework\checker-compat-qual\2.5.5\checker-compat-qual-2.5.5.jar;D:\apache-maven-3.9.12-bin\.m2\repo\com\google\j2objc\j2objc-annotations\1.3\j2objc-annotations-1.3.jar;D:\apache-maven-3.9.12-bin\.m2\repo\com\google\errorprone\error_prone_annotations\2.3.4\error_prone_annotations-2.3.4.jar;D:\apache-maven-3.9.12-bin\.m2\repo\ch\qos\logback\logback-classic\1.2.3\logback-classic-1.2.3.jar;D:\apache-maven-3.9.12-bin\.m2\repo\ch\qos\logback\logback-core\1.2.3\logback-core-1.2.3.jar;D:\apache-maven-3.9.12-bin\.m2\repo\com\google\protobuf\protobuf-java\3.25.3\protobuf-java-3.25.3.jar;D:\apache-maven-3.9.12-bin\.m2\repo\org\json\json\20231013\json-20231013.jar;D:\apache-maven-3.9.12-bin\.m2\repo\com\google\code\gson\gson\2.10.1\gson-2.10.1.jar;D:\apache-maven-3.9.12-bin\.m2\repo\org\slf4j\slf4j-api\2.0.13\slf4j-api-2.0.13.jar;D:\apache-maven-3.9.12-bin\.m2\repo\org\slf4j\slf4j-simple\2.0.13\slf4j-simple-2.0.13.jar;D:\apache-maven-3.9.12-bin\.m2\repo\org\java-websocket\Java-WebSocket\1.5.3\Java-WebSocket-1.5.3.jar; -sourcepath D:\Java_CompleteProject\Java_CompleteSystem\ats-core\src\main\java;D:\Java_CompleteProject\Java_CompleteSystem\ats-core\target\generated-sources\protobuf\java;D:\Java_CompleteProject\Java_CompleteSystem\ats-core\target\generated-sources\protobuf\grpc-java;D:\Java_CompleteProject\Java_CompleteSystem\ats-core\target\generated-sources\annotations; -s D:\Java_CompleteProject\Java_CompleteSystem\ats-core\target\generated-sources\annotations -g -target 21 -source 21 -encoding UTF-8
[DEBUG] incrementalBuildHelper#beforeRebuildExecution
[INFO] Compiling 29 source files with javac [debug target 21] to target\classes
[DEBUG] incrementalBuildHelper#afterRebuildExecution
[INFO] -------------------------------------------------------------
[WARNING] COMPILATION WARNING : 
[INFO] -------------------------------------------------------------
[WARNING] location of system modules is not set in conjunction with -source 21
  not setting the location of system modules may lead to class files that cannot run on JDK 21
    --release 21 is recommended instead of -source 21 -target 21 because it sets the location of system modules automatically
[INFO] 1 warning
[INFO] -------------------------------------------------------------
[INFO] -------------------------------------------------------------
[ERROR] COMPILATION ERROR : 
[INFO] -------------------------------------------------------------
[ERROR] /D:/Java_CompleteProject/Java_CompleteSystem/ats-core/src/main/java/com/trading/hf/RawFeedWriter.java:[5,25] package io.questdb.client does not exist
[ERROR] /D:/Java_CompleteProject/Java_CompleteSystem/ats-core/src/main/java/com/trading/hf/RawFeedWriter.java:[10,19] cannot find symbol
  symbol:   class Sender
  location: class com.trading.hf.RawFeedWriter
[ERROR] /D:/Java_CompleteProject/Java_CompleteSystem/ats-core/src/main/java/com/trading/hf/RawFeedWriter.java:[19,48] package Sender does not exist
[ERROR] /D:/Java_CompleteProject/Java_CompleteSystem/ats-core/src/main/java/com/trading/hf/RawFeedWriter.java:[19,27] cannot find symbol
  symbol:   variable Sender
  location: class com.trading.hf.RawFeedWriter
[INFO] 4 errors 
[INFO] -------------------------------------------------------------
[INFO] ------------------------------------------------------------------------
[INFO] Reactor Summary for HF-ATS-Parent 1.0-SNAPSHOT:
[INFO] 
[INFO] HF-ATS-Parent ...................................... SUCCESS [  0.078 s]
[INFO] ATS-Core ........................................... FAILURE [  3.523 s]
[INFO] ------------------------------------------------------------------------
[INFO] BUILD FAILURE
[INFO] ------------------------------------------------------------------------
[INFO] Total time:  3.833 s
[INFO] Finished at: 2026-01-05T23:17:52+05:30
[INFO] ------------------------------------------------------------------------
[ERROR] Failed to execute goal org.apache.maven.plugins:maven-compiler-plugin:3.11.0:compile (default-compile) on project ats-core: Compilation failure: Compilation failure: 
[ERROR] /D:/Java_CompleteProject/Java_CompleteSystem/ats-core/src/main/java/com/trading/hf/RawFeedWriter.java:[5,25] package io.questdb.client does not exist
[ERROR] /D:/Java_CompleteProject/Java_CompleteSystem/ats-core/src/main/java/com/trading/hf/RawFeedWriter.java:[10,19] cannot find symbol
[ERROR]   symbol:   class Sender
[ERROR]   location: class com.trading.hf.RawFeedWriter
[ERROR] /D:/Java_CompleteProject/Java_CompleteSystem/ats-core/src/main/java/com/trading/hf/RawFeedWriter.java:[19,48] package Sender does not exist
[ERROR] /D:/Java_CompleteProject/Java_CompleteSystem/ats-core/src/main/java/com/trading/hf/RawFeedWriter.java:[19,27] cannot find symbol
[ERROR]   symbol:   variable Sender
[ERROR]   location: class com.trading.hf.RawFeedWriter
[ERROR] -> [Help 1]
org.apache.maven.lifecycle.LifecycleExecutionException: Failed to execute goal org.apache.maven.plugins:maven-compiler-plugin:3.11.0:compile (default-compile) on project ats-core: Compilation failure
    at org.apache.maven.lifecycle.internal.MojoExecutor.doExecute2 (MojoExecutor.java:333)
    at org.apache.maven.lifecycle.internal.MojoExecutor.doExecute (MojoExecutor.java:316)
    at org.apache.maven.lifecycle.internal.MojoExecutor.execute (MojoExecutor.java:212)
    at org.apache.maven.lifecycle.internal.MojoExecutor.execute (MojoExecutor.java:174)
    at org.apache.maven.lifecycle.internal.MojoExecutor.access$000 (MojoExecutor.java:75)
    at org.apache.maven.lifecycle.internal.MojoExecutor$1.run (MojoExecutor.java:162)
    at org.apache.maven.plugin.DefaultMojosExecutionStrategy.execute (DefaultMojosExecutionStrategy.java:39)
    at org.apache.maven.lifecycle.internal.MojoExecutor.execute (MojoExecutor.java:159)
    at org.apache.maven.lifecycle.internal.LifecycleModuleBuilder.buildProject (LifecycleModuleBuilder.java:105)
    at org.apache.maven.lifecycle.internal.LifecycleModuleBuilder.buildProject (LifecycleModuleBuilder.java:73)
    at org.apache.maven.lifecycle.internal.builder.singlethreaded.SingleThreadedBuilder.build (SingleThreadedBuilder.java:53)
    at org.apache.maven.lifecycle.internal.LifecycleStarter.execute (LifecycleStarter.java:118)
    at org.apache.maven.DefaultMaven.doExecute (DefaultMaven.java:261)
    at org.apache.maven.DefaultMaven.doExecute (DefaultMaven.java:173)
    at org.apache.maven.DefaultMaven.execute (DefaultMaven.java:101)
    at org.apache.maven.cli.MavenCli.execute (MavenCli.java:919)
    at org.apache.maven.cli.MavenCli.doMain (MavenCli.java:285)
    at org.apache.maven.cli.MavenCli.main (MavenCli.java:207)
    at jdk.internal.reflect.DirectMethodHandleAccessor.invoke (DirectMethodHandleAccessor.java:104)
    at java.lang.reflect.Method.invoke (Method.java:565)
    at org.codehaus.plexus.classworlds.launcher.Launcher.launchEnhanced (Launcher.java:255)
    at org.codehaus.plexus.classworlds.launcher.Launcher.launch (Launcher.java:201)
    at org.codehaus.plexus.classworlds.launcher.Launcher.mainWithExitCode (Launcher.java:361)
    at org.codehaus.plexus.classworlds.launcher.Launcher.main (Launcher.java:314)
Caused by: org.apache.maven.plugin.compiler.CompilationFailureException: Compilation failure
    at org.apache.maven.plugin.compiler.AbstractCompilerMojo.execute (AbstractCompilerMojo.java:1212)
    at org.apache.maven.plugin.compiler.CompilerMojo.execute (CompilerMojo.java:193)
    at org.apache.maven.plugin.DefaultBuildPluginManager.executeMojo (DefaultBuildPluginManager.java:126)
    at org.apache.maven.lifecycle.internal.MojoExecutor.doExecute2 (MojoExecutor.java:328)
    at org.apache.maven.lifecycle.internal.MojoExecutor.doExecute (MojoExecutor.java:316)
    at org.apache.maven.lifecycle.internal.MojoExecutor.execute (MojoExecutor.java:212)
    at org.apache.maven.lifecycle.internal.MojoExecutor.execute (MojoExecutor.java:174)
    at org.apache.maven.lifecycle.internal.MojoExecutor.access$000 (MojoExecutor.java:75)
    at org.apache.maven.lifecycle.internal.MojoExecutor$1.run (MojoExecutor.java:162)
    at org.apache.maven.plugin.DefaultMojosExecutionStrategy.execute (DefaultMojosExecutionStrategy.java:39)
    at org.apache.maven.lifecycle.internal.MojoExecutor.execute (MojoExecutor.java:159)
    at org.apache.maven.lifecycle.internal.LifecycleModuleBuilder.buildProject (LifecycleModuleBuilder.java:105)
    at org.apache.maven.lifecycle.internal.LifecycleModuleBuilder.buildProject (LifecycleModuleBuilder.java:73)
    at org.apache.maven.lifecycle.internal.builder.singlethreaded.SingleThreadedBuilder.build (SingleThreadedBuilder.java:53)
    at org.apache.maven.lifecycle.internal.LifecycleStarter.execute (LifecycleStarter.java:118)
    at org.apache.maven.DefaultMaven.doExecute (DefaultMaven.java:261)
    at org.apache.maven.DefaultMaven.doExecute (DefaultMaven.java:173)
    at org.apache.maven.DefaultMaven.execute (DefaultMaven.java:101)
    at org.apache.maven.cli.MavenCli.execute (MavenCli.java:919)
    at org.apache.maven.cli.MavenCli.doMain (MavenCli.java:285)
    at org.apache.maven.cli.MavenCli.main (MavenCli.java:207)
    at jdk.internal.reflect.DirectMethodHandleAccessor.invoke (DirectMethodHandleAccessor.java:104)
    at java.lang.reflect.Method.invoke (Method.java:565)
    at org.codehaus.plexus.classworlds.launcher.Launcher.launchEnhanced (Launcher.java:255)
    at org.codehaus.plexus.classworlds.launcher.Launcher.launch (Launcher.java:201)
    at org.codehaus.plexus.classworlds.launcher.Launcher.mainWithExitCode (Launcher.java:361)
    at org.codehaus.plexus.classworlds.launcher.Launcher.main (Launcher.java:314)
[ERROR] 
[ERROR] 
[ERROR] For more information about the errors and possible solutions, please read the following articles:
[ERROR] [Help 1] http://cwiki.apache.org/confluence/display/MAVEN/MojoFailureException
[ERROR] 
[ERROR] After correcting the problems, you can resume the build with the command
[ERROR]   mvn <args> -rf :ats-core
[DEBUG] Shutting down adapter factory; available factories [file-lock, rwlock-local, semaphore-local, noop]; available name mappers [discriminating, file-gaecv, file-gav, file-hgaecv, file-hgav, file-static, gaecv, gav, static]
[DEBUG] Shutting down 'file-lock' factory
[DEBUG] Shutting down 'rwlock-local' factory
[DEBUG] Shutting down 'semaphore-local' factory
[DEBUG] Shutting down 'noop' factory
